../Core/Src/main.c:211:5:main	320	static
../Core/Src/main.c:397:13:Command_ProcessUserInput	2776	static
../Core/Src/main.c:536:13:Command_ShowSystemInfo	696	static
../Core/Src/main.c:565:13:System_StatusUpdate	16	static
../Core/Src/main.c:591:13:System_ErrorHandler	120	static
../Core/Src/main.c:634:13:send_odometry_data	160	static
../Core/Src/main.c:709:5:__io_putchar	16	static
../Core/Src/main.c:718:6:SystemClock_Config	88	static
../Core/Src/main.c:777:6:HAL_UART_RxCpltCallback	48	static
../Core/Src/main.c:894:6:HAL_UART_ErrorCallback	24	static
../Core/Src/main.c:947:13:Python_ParseCommand	496	static
../Core/Src/main.c:1129:13:UART5_ProcessSensorData	8	static
../Core/Src/main.c:1156:13:UART5_ParseDataPacket	120	static
../Core/Src/main.c:1205:6:Error_Handler	4	static,ignoring_inline_asm
