Archive member included to satisfy reference by file (symbol)

D:/ST/STM32CubeIDE_1.19.0/STM32CubeIDE/plugins/com.st.stm32cube.ide.mcu.externaltools.gnu-tools-for-stm32.13.3.rel1.win32_1.0.0.202411081344/tools/bin/../lib/gcc/arm-none-eabi/13.3.1/../../../../arm-none-eabi/lib/thumb/v7e-m+fp/hard\libc_nano.a(libc_a-atoi.o)
                              ./Core/Src/main.o (atoi)
D:/ST/STM32CubeIDE_1.19.0/STM32CubeIDE/plugins/com.st.stm32cube.ide.mcu.externaltools.gnu-tools-for-stm32.13.3.rel1.win32_1.0.0.202411081344/tools/bin/../lib/gcc/arm-none-eabi/13.3.1/../../../../arm-none-eabi/lib/thumb/v7e-m+fp/hard\libc_nano.a(libc_a-exit.o)
                              D:/ST/STM32CubeIDE_1.19.0/STM32CubeIDE/plugins/com.st.stm32cube.ide.mcu.externaltools.gnu-tools-for-stm32.13.3.rel1.win32_1.0.0.202411081344/tools/bin/../lib/gcc/arm-none-eabi/13.3.1/../../../../arm-none-eabi/lib/thumb/v7e-m+fp/hard/crt0.o (exit)
D:/ST/STM32CubeIDE_1.19.0/STM32CubeIDE/plugins/com.st.stm32cube.ide.mcu.externaltools.gnu-tools-for-stm32.13.3.rel1.win32_1.0.0.202411081344/tools/bin/../lib/gcc/arm-none-eabi/13.3.1/../../../../arm-none-eabi/lib/thumb/v7e-m+fp/hard\libc_nano.a(libc_a-strtol.o)
                              D:/ST/STM32CubeIDE_1.19.0/STM32CubeIDE/plugins/com.st.stm32cube.ide.mcu.externaltools.gnu-tools-for-stm32.13.3.rel1.win32_1.0.0.202411081344/tools/bin/../lib/gcc/arm-none-eabi/13.3.1/../../../../arm-none-eabi/lib/thumb/v7e-m+fp/hard\libc_nano.a(libc_a-atoi.o) (_strtol_r)
D:/ST/STM32CubeIDE_1.19.0/STM32CubeIDE/plugins/com.st.stm32cube.ide.mcu.externaltools.gnu-tools-for-stm32.13.3.rel1.win32_1.0.0.202411081344/tools/bin/../lib/gcc/arm-none-eabi/13.3.1/../../../../arm-none-eabi/lib/thumb/v7e-m+fp/hard\libc_nano.a(libc_a-ctype_.o)
                              D:/ST/STM32CubeIDE_1.19.0/STM32CubeIDE/plugins/com.st.stm32cube.ide.mcu.externaltools.gnu-tools-for-stm32.13.3.rel1.win32_1.0.0.202411081344/tools/bin/../lib/gcc/arm-none-eabi/13.3.1/../../../../arm-none-eabi/lib/thumb/v7e-m+fp/hard\libc_nano.a(libc_a-strtol.o) (_ctype_)
D:/ST/STM32CubeIDE_1.19.0/STM32CubeIDE/plugins/com.st.stm32cube.ide.mcu.externaltools.gnu-tools-for-stm32.13.3.rel1.win32_1.0.0.202411081344/tools/bin/../lib/gcc/arm-none-eabi/13.3.1/../../../../arm-none-eabi/lib/thumb/v7e-m+fp/hard\libc_nano.a(libc_a-nano-vfprintf_float.o)
                              (_printf_float)
D:/ST/STM32CubeIDE_1.19.0/STM32CubeIDE/plugins/com.st.stm32cube.ide.mcu.externaltools.gnu-tools-for-stm32.13.3.rel1.win32_1.0.0.202411081344/tools/bin/../lib/gcc/arm-none-eabi/13.3.1/../../../../arm-none-eabi/lib/thumb/v7e-m+fp/hard\libc_nano.a(libc_a-nano-vfprintf_i.o)
                              D:/ST/STM32CubeIDE_1.19.0/STM32CubeIDE/plugins/com.st.stm32cube.ide.mcu.externaltools.gnu-tools-for-stm32.13.3.rel1.win32_1.0.0.202411081344/tools/bin/../lib/gcc/arm-none-eabi/13.3.1/../../../../arm-none-eabi/lib/thumb/v7e-m+fp/hard\libc_nano.a(libc_a-nano-vfprintf_float.o) (_printf_common)
D:/ST/STM32CubeIDE_1.19.0/STM32CubeIDE/plugins/com.st.stm32cube.ide.mcu.externaltools.gnu-tools-for-stm32.13.3.rel1.win32_1.0.0.202411081344/tools/bin/../lib/gcc/arm-none-eabi/13.3.1/../../../../arm-none-eabi/lib/thumb/v7e-m+fp/hard\libc_nano.a(libc_a-findfp.o)
                              D:/ST/STM32CubeIDE_1.19.0/STM32CubeIDE/plugins/com.st.stm32cube.ide.mcu.externaltools.gnu-tools-for-stm32.13.3.rel1.win32_1.0.0.202411081344/tools/bin/../lib/gcc/arm-none-eabi/13.3.1/../../../../arm-none-eabi/lib/thumb/v7e-m+fp/hard\libc_nano.a(libc_a-exit.o) (__stdio_exit_handler)
D:/ST/STM32CubeIDE_1.19.0/STM32CubeIDE/plugins/com.st.stm32cube.ide.mcu.externaltools.gnu-tools-for-stm32.13.3.rel1.win32_1.0.0.202411081344/tools/bin/../lib/gcc/arm-none-eabi/13.3.1/../../../../arm-none-eabi/lib/thumb/v7e-m+fp/hard\libc_nano.a(libc_a-fwalk.o)
                              D:/ST/STM32CubeIDE_1.19.0/STM32CubeIDE/plugins/com.st.stm32cube.ide.mcu.externaltools.gnu-tools-for-stm32.13.3.rel1.win32_1.0.0.202411081344/tools/bin/../lib/gcc/arm-none-eabi/13.3.1/../../../../arm-none-eabi/lib/thumb/v7e-m+fp/hard\libc_nano.a(libc_a-findfp.o) (_fwalk_sglue)
D:/ST/STM32CubeIDE_1.19.0/STM32CubeIDE/plugins/com.st.stm32cube.ide.mcu.externaltools.gnu-tools-for-stm32.13.3.rel1.win32_1.0.0.202411081344/tools/bin/../lib/gcc/arm-none-eabi/13.3.1/../../../../arm-none-eabi/lib/thumb/v7e-m+fp/hard\libc_nano.a(libc_a-snprintf.o)
                              ./Core/Src/main.o (snprintf)
D:/ST/STM32CubeIDE_1.19.0/STM32CubeIDE/plugins/com.st.stm32cube.ide.mcu.externaltools.gnu-tools-for-stm32.13.3.rel1.win32_1.0.0.202411081344/tools/bin/../lib/gcc/arm-none-eabi/13.3.1/../../../../arm-none-eabi/lib/thumb/v7e-m+fp/hard\libc_nano.a(libc_a-stdio.o)
                              D:/ST/STM32CubeIDE_1.19.0/STM32CubeIDE/plugins/com.st.stm32cube.ide.mcu.externaltools.gnu-tools-for-stm32.13.3.rel1.win32_1.0.0.202411081344/tools/bin/../lib/gcc/arm-none-eabi/13.3.1/../../../../arm-none-eabi/lib/thumb/v7e-m+fp/hard\libc_nano.a(libc_a-findfp.o) (__sread)
[...]
Memory Configuration

Name             Origin             Length             Attributes
RAM              0x20000000         0x00020000         xrw
FLASH            0x08000000         0x00080000         xr
*default*        0x00000000         0xffffffff

Linker script and memory map

LOAD D:/ST/STM32CubeIDE_1.19.0/STM32CubeIDE/plugins/com.st.stm32cube.ide.mcu.externaltools.gnu-tools-for-stm32.13.3.rel1.win32_1.0.0.202411081344/tools/bin/../lib/gcc/arm-none-eabi/13.3.1/thumb/v7e-m+fp/hard/crti.o
LOAD D:/ST/STM32CubeIDE_1.19.0/STM32CubeIDE/plugins/com.st.stm32cube.ide.mcu.externaltools.gnu-tools-for-stm32.13.3.rel1.win32_1.0.0.202411081344/tools/bin/../lib/gcc/arm-none-eabi/13.3.1/thumb/v7e-m+fp/hard/crtbegin.o
LOAD D:/ST/STM32CubeIDE_1.19.0/STM32CubeIDE/plugins/com.st.stm32cube.ide.mcu.externaltools.gnu-tools-for-stm32.13.3.rel1.win32_1.0.0.202411081344/tools/bin/../lib/gcc/arm-none-eabi/13.3.1/../../../../arm-none-eabi/lib/thumb/v7e-m+fp/hard/crt0.o
LOAD ./Core/Src/gpio.o
LOAD ./Core/Src/i2c.o
LOAD ./Core/Src/main.o
LOAD ./Core/Src/spi.o
LOAD ./Core/Src/stm32f4xx_hal_msp.o
LOAD ./Core/Src/stm32f4xx_it.o
LOAD ./Core/Src/syscalls.o
LOAD ./Core/Src/sysmem.o
LOAD ./Core/Src/system_stm32f4xx.o
LOAD ./Core/Src/tim.o
LOAD ./Core/Src/usart.o
LOAD ./Core/Src/hardware/Encoder.o
LOAD ./Core/Src/hardware/Motor.o
LOAD ./Core/Src/hardware/pid.o
LOAD ./Core/Src/hardware/radar.o
LOAD ./Core/Startup/startup_stm32f446retx.o
LOAD ./Drivers/STM32F4xx_HAL_Driver/Src/stm32f4xx_hal.o
LOAD ./Drivers/STM32F4xx_HAL_Driver/Src/stm32f4xx_hal_cortex.o
LOAD ./Drivers/STM32F4xx_HAL_Driver/Src/stm32f4xx_hal_dma.o
LOAD ./Drivers/STM32F4xx_HAL_Driver/Src/stm32f4xx_hal_dma_ex.o
LOAD ./Drivers/STM32F4xx_HAL_Driver/Src/stm32f4xx_hal_exti.o
LOAD ./Drivers/STM32F4xx_HAL_Driver/Src/stm32f4xx_hal_flash.o
LOAD ./Drivers/STM32F4xx_HAL_Driver/Src/stm32f4xx_hal_flash_ex.o
LOAD ./Drivers/STM32F4xx_HAL_Driver/Src/stm32f4xx_hal_flash_ramfunc.o
LOAD ./Drivers/STM32F4xx_HAL_Driver/Src/stm32f4xx_hal_gpio.o
LOAD ./Drivers/STM32F4xx_HAL_Driver/Src/stm32f4xx_hal_i2c.o
LOAD ./Drivers/STM32F4xx_HAL_Driver/Src/stm32f4xx_hal_i2c_ex.o
LOAD ./Drivers/STM32F4xx_HAL_Driver/Src/stm32f4xx_hal_pwr.o
LOAD ./Drivers/STM32F4xx_HAL_Driver/Src/stm32f4xx_hal_pwr_ex.o
LOAD ./Drivers/STM32F4xx_HAL_Driver/Src/stm32f4xx_hal_rcc.o
LOAD ./Drivers/STM32F4xx_HAL_Driver/Src/stm32f4xx_hal_rcc_ex.o
LOAD ./Drivers/STM32F4xx_HAL_Driver/Src/stm32f4xx_hal_spi.o
LOAD ./Drivers/STM32F4xx_HAL_Driver/Src/stm32f4xx_hal_tim.o
LOAD ./Drivers/STM32F4xx_HAL_Driver/Src/stm32f4xx_hal_tim_ex.o
LOAD ./Drivers/STM32F4xx_HAL_Driver/Src/stm32f4xx_hal_uart.o
START GROUP
LOAD D:/ST/STM32CubeIDE_1.19.0/STM32CubeIDE/plugins/com.st.stm32cube.ide.mcu.externaltools.gnu-tools-for-stm32.13.3.rel1.win32_1.0.0.202411081344/tools/bin/../lib/gcc/arm-none-eabi/13.3.1/../../../../arm-none-eabi/lib/thumb/v7e-m+fp/hard\libc_nano.a
LOAD D:/ST/STM32CubeIDE_1.19.0/STM32CubeIDE/plugins/com.st.stm32cube.ide.mcu.externaltools.gnu-tools-for-stm32.13.3.rel1.win32_1.0.0.202411081344/tools/bin/../lib/gcc/arm-none-eabi/13.3.1/../../../../arm-none-eabi/lib/thumb/v7e-m+fp/hard\libm.a
END GROUP
START GROUP
LOAD D:/ST/STM32CubeIDE_1.19.0/STM32CubeIDE/plugins/com.st.stm32cube.ide.mcu.externaltools.gnu-tools-for-stm32.13.3.rel1.win32_1.0.0.202411081344/tools/bin/../lib/gcc/arm-none-eabi/13.3.1/thumb/v7e-m+fp/hard\libgcc.a
LOAD D:/ST/STM32CubeIDE_1.19.0/STM32CubeIDE/plugins/com.st.stm32cube.ide.mcu.externaltools.gnu-tools-for-stm32.13.3.rel1.win32_1.0.0.202411081344/tools/bin/../lib/gcc/arm-none-eabi/13.3.1/../../../../arm-none-eabi/lib/thumb/v7e-m+fp/hard\libc_nano.a
END GROUP
START GROUP
LOAD D:/ST/STM32CubeIDE_1.19.0/STM32CubeIDE/plugins/com.st.stm32cube.ide.mcu.externaltools.gnu-tools-for-stm32.13.3.rel1.win32_1.0.0.202411081344/tools/bin/../lib/gcc/arm-none-eabi/13.3.1/thumb/v7e-m+fp/hard\libgcc.a
LOAD D:/ST/STM32CubeIDE_1.19.0/STM32CubeIDE/plugins/com.st.stm32cube.ide.mcu.externaltools.gnu-tools-for-stm32.13.3.rel1.win32_1.0.0.202411081344/tools/bin/../lib/gcc/arm-none-eabi/13.3.1/../../../../arm-none-eabi/lib/thumb/v7e-m+fp/hard\libc_nano.a
LOAD D:/ST/STM32CubeIDE_1.19.0/STM32CubeIDE/plugins/com.st.stm32cube.ide.mcu.externaltools.gnu-tools-for-stm32.13.3.rel1.win32_1.0.0.202411081344/tools/bin/../lib/gcc/arm-none-eabi/13.3.1/../../../../arm-none-eabi/lib/thumb/v7e-m+fp/hard\libnosys.a
END GROUP
START GROUP
LOAD D:/ST/STM32CubeIDE_1.19.0/STM32CubeIDE/plugins/com.st.stm32cube.ide.mcu.externaltools.gnu-tools-for-stm32.13.3.rel1.win32_1.0.0.202411081344/tools/bin/../lib/gcc/arm-none-eabi/13.3.1/thumb/v7e-m+fp/hard\libgcc.a
LOAD D:/ST/STM32CubeIDE_1.19.0/STM32CubeIDE/plugins/com.st.stm32cube.ide.mcu.externaltools.gnu-tools-for-stm32.13.3.rel1.win32_1.0.0.202411081344/tools/bin/../lib/gcc/arm-none-eabi/13.3.1/../../../../arm-none-eabi/lib/thumb/v7e-m+fp/hard\libc_nano.a
LOAD D:/ST/STM32CubeIDE_1.19.0/STM32CubeIDE/plugins/com.st.stm32cube.ide.mcu.externaltools.gnu-tools-for-stm32.13.3.rel1.win32_1.0.0.202411081344/tools/bin/../lib/gcc/arm-none-eabi/13.3.1/../../../../arm-none-eabi/lib/thumb/v7e-m+fp/hard\libnosys.a
END GROUP
LOAD D:/ST/STM32CubeIDE_1.19.0/STM32CubeIDE/plugins/com.st.stm32cube.ide.mcu.externaltools.gnu-tools-for-stm32.13.3.rel1.win32_1.0.0.202411081344/tools/bin/../lib/gcc/arm-none-eabi/13.3.1/thumb/v7e-m+fp/hard/crtend.o
LOAD D:/ST/STM32CubeIDE_1.19.0/STM32CubeIDE/plugins/com.st.stm32cube.ide.mcu.externaltools.gnu-tools-for-stm32.13.3.rel1.win32_1.0.0.202411081344/tools/bin/../lib/gcc/arm-none-eabi/13.3.1/thumb/v7e-m+fp/hard/crtn.o
                0x20020000                        _estack = (ORIGIN (RAM) + LENGTH (RAM))
                0x00000200                        _Min_Heap_Size = 0x200
                0x00000400                        _Min_Stack_Size = 0x400

.isr_vector     0x08000000      0x1c4
                0x08000000                        . = ALIGN (0x4)
 *(.isr_vector)
 .isr_vector    0x08000000      0x1c4 ./Core/Startup/startup_stm32f446retx.o
                0x08000000                g_pfnVectors
                0x080001c4                        . = ALIGN (0x4)

.text           0x080001d0     0xb628
                0x080001d0                        . = ALIGN (0x4)
 *(.text)
 .text          0x080001d0       0x40 D:/ST/STM32CubeIDE_1.19.0/STM32CubeIDE/plugins/com.st.stm32cube.ide.mcu.externaltools.gnu-tools-for-stm32.13.3.rel1.win32_1.0.0.202411081344/tools/bin/../lib/gcc/arm-none-eabi/13.3.1/thumb/v7e-m+fp/hard/crtbegin.o
 .text          0x08000210       0xa0 D:/ST/STM32CubeIDE_1.19.0/STM32CubeIDE/plugins/com.st.stm32cube.ide.mcu.externaltools.gnu-tools-for-stm32.13.3.rel1.win32_1.0.0.202411081344/tools/bin/../lib/gcc/arm-none-eabi/13.3.1/../../../../arm-none-eabi/lib/thumb/v7e-m+fp/hard\libc_nano.a(libc_a-memchr.o)
                0x08000210                memchr
 .text          0x080002b0       0x10 D:/ST/STM32CubeIDE_1.19.0/STM32CubeIDE/plugins/com.st.stm32cube.ide.mcu.externaltools.gnu-tools-for-stm32.13.3.rel1.win32_1.0.0.202411081344/tools/bin/../lib/gcc/arm-none-eabi/13.3.1/../../../../arm-none-eabi/lib/thumb/v7e-m+fp/hard\libc_nano.a(libc_a-strlen.o)
                0x080002b0                strlen
 .text          0x080002c0      0x378 D:/ST/STM32CubeIDE_1.19.0/STM32CubeIDE/plugins/com.st.stm32cube.ide.mcu.externaltools.gnu-tools-for-stm32.13.3.rel1.win32_1.0.0.202411081344/tools/bin/../lib/gcc/arm-none-eabi/13.3.1/thumb/v7e-m+fp/hard\libgcc.a(_arm_addsubdf3.o)
                0x080002c0                __aeabi_drsub
                0x080002c8                __aeabi_dsub
                0x080002c8                __subdf3
                0x080002cc                __aeabi_dadd
                0x080002cc                __adddf3
                0x08000544                __floatunsidf
                0x08000544                __aeabi_ui2d
                0x08000564                __floatsidf
                0x08000564                __aeabi_i2d
                0x08000588                __aeabi_f2d
                0x08000588                __extendsfdf2
                0x080005cc                __floatundidf
                0x080005cc                __aeabi_ul2d
                0x080005dc                __floatdidf
                0x080005dc                __aeabi_l2d
 .text          0x08000638      0x424 D:/ST/STM32CubeIDE_1.19.0/STM32CubeIDE/plugins/com.st.stm32cube.ide.mcu.externaltools.gnu-tools-for-stm32.13.3.rel1.win32_1.0.0.202411081344/tools/bin/../lib/gcc/arm-none-eabi/13.3.1/thumb/v7e-m+fp/hard\libgcc.a(_arm_muldivdf3.o)
                0x08000638                __aeabi_dmul
                0x08000638                __muldf3
                0x0800088c                __divdf3
                0x0800088c                __aeabi_ddiv
 .text          0x08000a5c      0x110 D:/ST/STM32CubeIDE_1.19.0/STM32CubeIDE/plugins/com.st.stm32cube.ide.mcu.externaltools.gnu-tools-for-stm32.13.3.rel1.win32_1.0.0.202411081344/tools/bin/../lib/gcc/arm-none-eabi/13.3.1/thumb/v7e-m+fp/hard\libgcc.a(_arm_cmpdf2.o)
                0x08000a5c                __gtdf2
                0x08000a5c                __gedf2
                0x08000a64                __ltdf2
                0x08000a64                __ledf2
                0x08000a6c                __nedf2
                0x08000a6c                __eqdf2
                0x08000a6c                __cmpdf2
                0x08000ae8                __aeabi_cdrcmple
                0x08000af8                __aeabi_cdcmpeq
                0x08000af8                __aeabi_cdcmple
                0x08000b08                __aeabi_dcmpeq
                0x08000b1c                __aeabi_dcmplt
                0x08000b30                __aeabi_dcmple
                0x08000b44                __aeabi_dcmpge
                0x08000b58                __aeabi_dcmpgt
 .text          0x08000b6c       0x2c D:/ST/STM32CubeIDE_1.19.0/STM32CubeIDE/plugins/com.st.stm32cube.ide.mcu.externaltools.gnu-tools-for-stm32.13.3.rel1.win32_1.0.0.202411081344/tools/bin/../lib/gcc/arm-none-eabi/13.3.1/thumb/v7e-m+fp/hard\libgcc.a(_arm_unorddf2.o)
                0x08000b6c                __unorddf2
                0x08000b6c                __aeabi_dcmpun
 .text          0x08000b98       0x50 D:/ST/STM32CubeIDE_1.19.0/STM32CubeIDE/plugins/com.st.stm32cube.ide.mcu.externaltools.gnu-tools-for-stm32.13.3.rel1.win32_1.0.0.202411081344/tools/bin/../lib/gcc/arm-none-eabi/13.3.1/thumb/v7e-m+fp/hard\libgcc.a(_arm_fixdfsi.o)
                0x08000b98                __aeabi_d2iz
                0x08000b98                __fixdfsi
 .text          0x08000be8       0x30 D:/ST/STM32CubeIDE_1.19.0/STM32CubeIDE/plugins/com.st.stm32cube.ide.mcu.externaltools.gnu-tools-for-stm32.13.3.rel1.win32_1.0.0.202411081344/tools/bin/../lib/gcc/arm-none-eabi/13.3.1/thumb/v7e-m+fp/hard\libgcc.a(_aeabi_uldivmod.o)
                0x08000be8                __aeabi_uldivmod
 .text          0x08000c18      0x2f8 D:/ST/STM32CubeIDE_1.19.0/STM32CubeIDE/plugins/com.st.stm32cube.ide.mcu.externaltools.gnu-tools-for-stm32.13.3.rel1.win32_1.0.0.202411081344/tools/bin/../lib/gcc/arm-none-eabi/13.3.1/thumb/v7e-m+fp/hard\libgcc.a(_udivmoddi4.o)
                0x08000c18                __udivmoddi4
 .text          0x08000f10        0x4 D:/ST/STM32CubeIDE_1.19.0/STM32CubeIDE/plugins/com.st.stm32cube.ide.mcu.externaltools.gnu-tools-for-stm32.13.3.rel1.win32_1.0.0.202411081344/tools/bin/../lib/gcc/arm-none-eabi/13.3.1/thumb/v7e-m+fp/hard\libgcc.a(_dvmd_tls.o)
                0x08000f10                __aeabi_idiv0
                0x08000f10                __aeabi_ldiv0
 *(.text*)
 .text.MX_GPIO_Init
                0x08000f14       0xc8 ./Core/Src/gpio.o
                0x08000f14                MX_GPIO_Init
 .text.MX_I2C1_Init
                0x08000fdc       0x64 ./Core/Src/i2c.o
                0x08000fdc                MX_I2C1_Init
 .text.MX_I2C2_Init
                0x08001040       0x5c ./Core/Src/i2c.o
                0x08001040                MX_I2C2_Init
 .text.HAL_I2C_MspInit
                0x0800109c      0x13c ./Core/Src/i2c.o
                0x0800109c                HAL_I2C_MspInit
 .text.main     0x080011d8      0x3a0 ./Core/Src/main.o
                0x080011d8                main
 .text.Command_ShowSystemInfo
                0x08001578       0x44 ./Core/Src/main.o
 .text.System_StatusUpdate
                0x080015bc       0x4c ./Core/Src/main.o
 .text.System_ErrorHandler
                0x08001608       0x70 ./Core/Src/main.o
 .text.__io_putchar
                0x08001678       0x24 ./Core/Src/main.o
                0x08001678                __io_putchar
 .text.SystemClock_Config
                0x0800169c       0xd8 ./Core/Src/main.o
                0x0800169c                SystemClock_Config
 .text.HAL_UART_RxCpltCallback
                0x08001774      0x2a4 ./Core/Src/main.o
                0x08001774                HAL_UART_RxCpltCallback
 .text.HAL_UART_ErrorCallback
                0x08001a18       0xa4 ./Core/Src/main.o
                0x08001a18                HAL_UART_ErrorCallback
 .text.Python_ParseCommand
                0x08001abc      0x410 ./Core/Src/main.o
 .text.UART5_ProcessSensorData
                0x08001ecc       0x54 ./Core/Src/main.o
 .text.UART5_ParseDataPacket
                0x08001f20      0x114 ./Core/Src/main.o
 .text.Error_Handler
                0x08002034        0xc ./Core/Src/main.o
                0x08002034                Error_Handler
 .text.MX_SPI1_Init
                0x08002040       0x6c ./Core/Src/spi.o
                0x08002040                MX_SPI1_Init
 .text.HAL_SPI_MspInit
                0x080020ac       0x90 ./Core/Src/spi.o
                0x080020ac                HAL_SPI_MspInit
 .text.HAL_MspInit
                0x0800213c       0x50 ./Core/Src/stm32f4xx_hal_msp.o
                0x0800213c                HAL_MspInit
 .text.NMI_Handler
                0x0800218c        0x8 ./Core/Src/stm32f4xx_it.o
                0x0800218c                NMI_Handler
 .text.HardFault_Handler
                0x08002194        0x8 ./Core/Src/stm32f4xx_it.o
                0x08002194                HardFault_Handler
 .text.MemManage_Handler
                0x0800219c        0x8 ./Core/Src/stm32f4xx_it.o
                0x0800219c                MemManage_Handler
 .text.BusFault_Handler
                0x080021a4        0x8 ./Core/Src/stm32f4xx_it.o
                0x080021a4                BusFault_Handler
 .text.UsageFault_Handler
                0x080021ac        0x8 ./Core/Src/stm32f4xx_it.o
                0x080021ac                UsageFault_Handler
 .text.SVC_Handler
                0x080021b4        0xe ./Core/Src/stm32f4xx_it.o
                0x080021b4                SVC_Handler
 .text.DebugMon_Handler
                0x080021c2        0xe ./Core/Src/stm32f4xx_it.o
                0x080021c2                DebugMon_Handler
 .text.PendSV_Handler
                0x080021d0        0xe ./Core/Src/stm32f4xx_it.o
                0x080021d0                PendSV_Handler
 .text.SysTick_Handler
                0x080021de        0xc ./Core/Src/stm32f4xx_it.o
                0x080021de                SysTick_Handler
 *fill*         0x080021ea        0x2 
 .text.TIM6_DAC_IRQHandler
                0x080021ec       0x2c ./Core/Src/stm32f4xx_it.o
                0x080021ec                TIM6_DAC_IRQHandler
 .text.USART2_IRQHandler
                0x08002218       0x14 ./Core/Src/stm32f4xx_it.o
                0x08002218                USART2_IRQHandler
 .text.USART3_IRQHandler
                0x0800222c       0x28 ./Core/Src/stm32f4xx_it.o
                0x0800222c                USART3_IRQHandler
 .text.UART4_IRQHandler
                0x08002254       0x14 ./Core/Src/stm32f4xx_it.o
                0x08002254                UART4_IRQHandler
 .text.UART5_IRQHandler
                0x08002268       0x14 ./Core/Src/stm32f4xx_it.o
                0x08002268                UART5_IRQHandler
 .text.DMA1_Stream1_IRQHandler
                0x0800227c       0x14 ./Core/Src/stm32f4xx_it.o
                0x0800227c                DMA1_Stream1_IRQHandler
 .text.DMA1_Stream4_IRQHandler
                0x08002290       0x14 ./Core/Src/stm32f4xx_it.o
                0x08002290                DMA1_Stream4_IRQHandler
 .text.HAL_UART_TxCpltCallback
                0x080022a4       0x24 ./Core/Src/stm32f4xx_it.o
                0x080022a4                HAL_UART_TxCpltCallback
 .text._getpid  0x080022c8       0x10 ./Core/Src/syscalls.o
                0x080022c8                _getpid
 .text._kill    0x080022d8       0x20 ./Core/Src/syscalls.o
                0x080022d8                _kill
 .text._exit    0x080022f8       0x16 ./Core/Src/syscalls.o
                0x080022f8                _exit
 .text._read    0x0800230e       0x3a ./Core/Src/syscalls.o
                0x0800230e                _read
 .text._write   0x08002348       0x38 ./Core/Src/syscalls.o
                0x08002348                _write
 .text._close   0x08002380       0x18 ./Core/Src/syscalls.o
                0x08002380                _close
 .text._fstat   0x08002398       0x20 ./Core/Src/syscalls.o
                0x08002398                _fstat
 .text._isatty  0x080023b8       0x16 ./Core/Src/syscalls.o
                0x080023b8                _isatty
 .text._lseek   0x080023ce       0x1a ./Core/Src/syscalls.o
                0x080023ce                _lseek
 .text._sbrk    0x080023e8       0x6c ./Core/Src/sysmem.o
                0x080023e8                _sbrk
 .text.SystemInit
                0x08002454       0x2c ./Core/Src/system_stm32f4xx.o
                0x08002454                SystemInit
 .text.MX_TIM1_Init
                0x08002480      0x188 ./Core/Src/tim.o
                0x08002480                MX_TIM1_Init
 .text.MX_TIM2_Init
                0x08002608       0xa8 ./Core/Src/tim.o
                0x08002608                MX_TIM2_Init
 .text.MX_TIM3_Init
                0x080026b0       0x8c ./Core/Src/tim.o
                0x080026b0                MX_TIM3_Init
 .text.MX_TIM6_Init
                0x0800273c       0x6c ./Core/Src/tim.o
                0x0800273c                MX_TIM6_Init
 .text.HAL_TIM_Base_MspInit
                0x080027a8      0x1dc ./Core/Src/tim.o
                0x080027a8                HAL_TIM_Base_MspInit
 .text.HAL_TIM_MspPostInit
                0x08002984       0x74 ./Core/Src/tim.o
                0x08002984                HAL_TIM_MspPostInit
 .text.HAL_TIM_Encoder_MspInit
                0x080029f8      0x138 ./Core/Src/tim.o
                0x080029f8                HAL_TIM_Encoder_MspInit
 .text.MX_USART2_UART_Init
                0x08002b30       0x64 ./Core/Src/usart.o
                0x08002b30                MX_USART2_UART_Init
 .text.MX_USART3_UART_Init
                0x08002b94       0x64 ./Core/Src/usart.o
                0x08002b94                MX_USART3_UART_Init
 .text.MX_UART4_Init
                0x08002bf8       0x64 ./Core/Src/usart.o
                0x08002bf8                MX_UART4_Init
 .text.MX_UART5_Init
                0x08002c5c       0x54 ./Core/Src/usart.o
                0x08002c5c                MX_UART5_Init
 .text.HAL_UART_MspInit
                0x08002cb0      0x35c ./Core/Src/usart.o
                0x08002cb0                HAL_UART_MspInit
 .text.Encoder_GetSpeeds
                0x0800300c       0xa8 ./Core/Src/hardware/Encoder.o
                0x0800300c                Encoder_GetSpeeds
 .text.Motor_UpdateYawAngle
                0x080030b4      0x1c0 ./Core/Src/hardware/Motor.o
                0x080030b4                Motor_UpdateYawAngle
 .text.Motor_Init
                0x08003274       0x68 ./Core/Src/hardware/Motor.o
                0x08003274                Motor_Init
 .text.Motor_SetSpeed
                0x080032dc      0x120 ./Core/Src/hardware/Motor.o
                0x080032dc                Motor_SetSpeed
 .text.Motor_PID_Init
                0x080033fc      0x214 ./Core/Src/hardware/Motor.o
                0x080033fc                Motor_PID_Init
 .text.Motor_PID_Control
                0x08003610      0x458 ./Core/Src/hardware/Motor.o
                0x08003610                Motor_PID_Control
 .text.Motor_SetTargetSpeed
                0x08003a68       0x30 ./Core/Src/hardware/Motor.o
                0x08003a68                Motor_SetTargetSpeed
 .text.Motor_SetTargetPosition
                0x08003a98       0x20 ./Core/Src/hardware/Motor.o
                0x08003a98                Motor_SetTargetPosition
 .text.Motor_GetActualSpeed
                0x08003ab8       0x30 ./Core/Src/hardware/Motor.o
                0x08003ab8                Motor_GetActualSpeed
 .text.Motor_Command_MoveForward
                0x08003ae8       0x48 ./Core/Src/hardware/Motor.o
                0x08003ae8                Motor_Command_MoveForward
 .text.Motor_Command_TurnLeft
                0x08003b30       0xa0 ./Core/Src/hardware/Motor.o
                0x08003b30                Motor_Command_TurnLeft
 .text.Motor_Command_TurnRight
                0x08003bd0       0x28 ./Core/Src/hardware/Motor.o
                0x08003bd0                Motor_Command_TurnRight
 .text.PID_location
                0x08003bf8       0xdc ./Core/Src/hardware/pid.o
                0x08003bf8                PID_location
 .text.VariableIntegralCoefficient
                0x08003cd4       0xc8 ./Core/Src/hardware/pid.o
 .text.PID_Angle
                0x08003d9c      0x18c ./Core/Src/hardware/pid.o
                0x08003d9c                PID_Angle
 .text.PID_Position
                0x08003f28      0x13c ./Core/Src/hardware/pid.o
                0x08003f28                PID_Position
 .text.Radar_Init
                0x08004064       0x48 ./Core/Src/hardware/radar.o
                0x08004064                Radar_Init
 .text.Radar_StartScan
                0x080040ac       0x26 ./Core/Src/hardware/radar.o
                0x080040ac                Radar_StartScan
 .text.Radar_StopScan
                0x080040d2       0x26 ./Core/Src/hardware/radar.o
                0x080040d2                Radar_StopScan
 .text.Radar_CalculateCRC16
                0x080040f8       0x78 ./Core/Src/hardware/radar.o
 .text.LIDAR_UART_IdleCallback_IRQ
                0x08004170       0xa8 ./Core/Src/hardware/radar.o
                0x08004170                LIDAR_UART_IdleCallback_IRQ
 .text.LIDAR_Start
                0x08004218       0x20 ./Core/Src/hardware/radar.o
                0x08004218                LIDAR_Start
 .text.LIDAR_ProcessPendingData
                0x08004238      0x35c ./Core/Src/hardware/radar.o
                0x08004238                LIDAR_ProcessPendingData
 .text.try_emit_rotation_by_angle_wrap
                0x08004594      0x19c ./Core/Src/hardware/radar.o
 .text.LIDAR_GetCompletedRotation
                0x08004730       0xa4 ./Core/Src/hardware/radar.o
                0x08004730                LIDAR_GetCompletedRotation
 .text.write_u16_le
                0x080047d4       0x2e ./Core/Src/hardware/radar.o
 .text.write_u32_le
                0x08004802       0x42 ./Core/Src/hardware/radar.o
 .text.LIDAR_TxCpltCallback
                0x08004844       0x18 ./Core/Src/hardware/radar.o
                0x08004844                LIDAR_TxCpltCallback
 .text.LIDAR_ShouldSendFrame
                0x0800485c       0x34 ./Core/Src/hardware/radar.o
                0x0800485c                LIDAR_ShouldSendFrame
 .text.LIDAR_PackAndSendRawFrame
                0x08004890      0x1c0 ./Core/Src/hardware/radar.o
                0x08004890                LIDAR_PackAndSendRawFrame
 .text.Reset_Handler
                0x08004a50       0x50 ./Core/Startup/startup_stm32f446retx.o
                0x08004a50                Reset_Handler
 .text.Default_Handler
                0x08004aa0        0x2 ./Core/Startup/startup_stm32f446retx.o
                0x08004aa0                RTC_Alarm_IRQHandler
                0x08004aa0                EXTI2_IRQHandler
                0x08004aa0                TIM8_CC_IRQHandler
                0x08004aa0                FMPI2C1_EV_IRQHandler
                0x08004aa0                SPI4_IRQHandler
                0x08004aa0                TIM1_CC_IRQHandler
                0x08004aa0                DMA2_Stream5_IRQHandler
                0x08004aa0                DMA1_Stream5_IRQHandler
                0x08004aa0                PVD_IRQHandler
                0x08004aa0                SDIO_IRQHandler
                0x08004aa0                TAMP_STAMP_IRQHandler
                0x08004aa0                CAN2_RX1_IRQHandler
                0x08004aa0                EXTI3_IRQHandler
                0x08004aa0                TIM8_TRG_COM_TIM14_IRQHandler
                0x08004aa0                TIM1_UP_TIM10_IRQHandler
                0x08004aa0                TIM8_UP_TIM13_IRQHandler
                0x08004aa0                I2C3_ER_IRQHandler
                0x08004aa0                EXTI0_IRQHandler
                0x08004aa0                I2C2_EV_IRQHandler
                0x08004aa0                DMA1_Stream2_IRQHandler
                0x08004aa0                CAN1_RX0_IRQHandler
                0x08004aa0                FPU_IRQHandler
                0x08004aa0                OTG_HS_WKUP_IRQHandler
                0x08004aa0                CAN2_SCE_IRQHandler
                0x08004aa0                DMA2_Stream2_IRQHandler
                0x08004aa0                SPI1_IRQHandler
                0x08004aa0                TIM1_BRK_TIM9_IRQHandler
                0x08004aa0                DCMI_IRQHandler
                0x08004aa0                CAN2_RX0_IRQHandler
                0x08004aa0                DMA2_Stream3_IRQHandler
                0x08004aa0                SAI2_IRQHandler
                0x08004aa0                USART6_IRQHandler
                0x08004aa0                CAN1_RX1_IRQHandler
                0x08004aa0                DMA2_Stream0_IRQHandler
                0x08004aa0                TIM4_IRQHandler
                0x08004aa0                QUADSPI_IRQHandler
                0x08004aa0                I2C1_EV_IRQHandler
                0x08004aa0                DMA1_Stream6_IRQHandler
                0x08004aa0                TIM3_IRQHandler
                0x08004aa0                RCC_IRQHandler
                0x08004aa0                TIM8_BRK_TIM12_IRQHandler
                0x08004aa0                Default_Handler
                0x08004aa0                CEC_IRQHandler
                0x08004aa0                EXTI15_10_IRQHandler
                0x08004aa0                ADC_IRQHandler
                0x08004aa0                DMA1_Stream7_IRQHandler
                0x08004aa0                TIM7_IRQHandler
                0x08004aa0                CAN2_TX_IRQHandler
                0x08004aa0                TIM5_IRQHandler
                0x08004aa0                DMA2_Stream7_IRQHandler
                0x08004aa0                I2C3_EV_IRQHandler
                0x08004aa0                EXTI9_5_IRQHandler
                0x08004aa0                RTC_WKUP_IRQHandler
                0x08004aa0                SPDIF_RX_IRQHandler
                0x08004aa0                SPI2_IRQHandler
                0x08004aa0                OTG_HS_EP1_IN_IRQHandler
                0x08004aa0                DMA1_Stream0_IRQHandler
                0x08004aa0                CAN1_TX_IRQHandler
                0x08004aa0                FMPI2C1_ER_IRQHandler
                0x08004aa0                EXTI4_IRQHandler
                0x08004aa0                OTG_HS_EP1_OUT_IRQHandler
                0x08004aa0                WWDG_IRQHandler
                0x08004aa0                TIM2_IRQHandler
                0x08004aa0                OTG_FS_WKUP_IRQHandler
                0x08004aa0                TIM1_TRG_COM_TIM11_IRQHandler
                0x08004aa0                OTG_HS_IRQHandler
                0x08004aa0                EXTI1_IRQHandler
                0x08004aa0                I2C2_ER_IRQHandler
                0x08004aa0                DMA2_Stream1_IRQHandler
                0x08004aa0                CAN1_SCE_IRQHandler
                0x08004aa0                FLASH_IRQHandler
                0x08004aa0                DMA2_Stream4_IRQHandler
                0x08004aa0                USART1_IRQHandler
                0x08004aa0                OTG_FS_IRQHandler
                0x08004aa0                SPI3_IRQHandler
                0x08004aa0                I2C1_ER_IRQHandler
                0x08004aa0                FMC_IRQHandler
                0x08004aa0                DMA2_Stream6_IRQHandler
                0x08004aa0                SAI1_IRQHandler
                0x08004aa0                DMA1_Stream3_IRQHandler
 *fill*         0x08004aa2        0x2 
 .text.HAL_Init
                0x08004aa4       0x44 ./Drivers/STM32F4xx_HAL_Driver/Src/stm32f4xx_hal.o
                0x08004aa4                HAL_Init
 .text.HAL_InitTick
                0x08004ae8       0x60 ./Drivers/STM32F4xx_HAL_Driver/Src/stm32f4xx_hal.o
                0x08004ae8                HAL_InitTick
 .text.HAL_IncTick
                0x08004b48       0x28 ./Drivers/STM32F4xx_HAL_Driver/Src/stm32f4xx_hal.o
                0x08004b48                HAL_IncTick
 .text.HAL_GetTick
                0x08004b70       0x18 ./Drivers/STM32F4xx_HAL_Driver/Src/stm32f4xx_hal.o
                0x08004b70                HAL_GetTick
 .text.HAL_Delay
                0x08004b88       0x48 ./Drivers/STM32F4xx_HAL_Driver/Src/stm32f4xx_hal.o
                0x08004b88                HAL_Delay
 .text.__NVIC_SetPriorityGrouping
                0x08004bd0       0x48 ./Drivers/STM32F4xx_HAL_Driver/Src/stm32f4xx_hal_cortex.o
 .text.__NVIC_GetPriorityGrouping
                0x08004c18       0x1c ./Drivers/STM32F4xx_HAL_Driver/Src/stm32f4xx_hal_cortex.o
 .text.__NVIC_EnableIRQ
                0x08004c34       0x3c ./Drivers/STM32F4xx_HAL_Driver/Src/stm32f4xx_hal_cortex.o
 .text.__NVIC_SetPriority
                0x08004c70       0x54 ./Drivers/STM32F4xx_HAL_Driver/Src/stm32f4xx_hal_cortex.o
 .text.NVIC_EncodePriority
                0x08004cc4       0x66 ./Drivers/STM32F4xx_HAL_Driver/Src/stm32f4xx_hal_cortex.o
 *fill*         0x08004d2a        0x2 
 .text.SysTick_Config
                0x08004d2c       0x44 ./Drivers/STM32F4xx_HAL_Driver/Src/stm32f4xx_hal_cortex.o
 .text.HAL_NVIC_SetPriorityGrouping
                0x08004d70       0x16 ./Drivers/STM32F4xx_HAL_Driver/Src/stm32f4xx_hal_cortex.o
                0x08004d70                HAL_NVIC_SetPriorityGrouping
 .text.HAL_NVIC_SetPriority
                0x08004d86       0x38 ./Drivers/STM32F4xx_HAL_Driver/Src/stm32f4xx_hal_cortex.o
                0x08004d86                HAL_NVIC_SetPriority
 .text.HAL_NVIC_EnableIRQ
                0x08004dbe       0x1c ./Drivers/STM32F4xx_HAL_Driver/Src/stm32f4xx_hal_cortex.o
                0x08004dbe                HAL_NVIC_EnableIRQ
 .text.HAL_SYSTICK_Config
                0x08004dda       0x18 ./Drivers/STM32F4xx_HAL_Driver/Src/stm32f4xx_hal_cortex.o
                0x08004dda                HAL_SYSTICK_Config
 *fill*         0x08004df2        0x2 
 .text.HAL_DMA_Init
                0x08004df4      0x15c ./Drivers/STM32F4xx_HAL_Driver/Src/stm32f4xx_hal_dma.o
                0x08004df4                HAL_DMA_Init
 .text.HAL_DMA_Start_IT
                0x08004f50       0xb0 ./Drivers/STM32F4xx_HAL_Driver/Src/stm32f4xx_hal_dma.o
                0x08004f50                HAL_DMA_Start_IT
 .text.HAL_DMA_Abort
                0x08005000       0xe0 ./Drivers/STM32F4xx_HAL_Driver/Src/stm32f4xx_hal_dma.o
                0x08005000                HAL_DMA_Abort
 .text.HAL_DMA_Abort_IT
                0x080050e0       0x44 ./Drivers/STM32F4xx_HAL_Driver/Src/stm32f4xx_hal_dma.o
                0x080050e0                HAL_DMA_Abort_IT
 .text.HAL_DMA_IRQHandler
                0x08005124      0x314 ./Drivers/STM32F4xx_HAL_Driver/Src/stm32f4xx_hal_dma.o
                0x08005124                HAL_DMA_IRQHandler
 .text.DMA_SetConfig
                0x08005438       0x5c ./Drivers/STM32F4xx_HAL_Driver/Src/stm32f4xx_hal_dma.o
 .text.DMA_CalcBaseAndBitshift
                0x08005494       0x6c ./Drivers/STM32F4xx_HAL_Driver/Src/stm32f4xx_hal_dma.o
 .text.DMA_CheckFifoParam
                0x08005500       0xf8 ./Drivers/STM32F4xx_HAL_Driver/Src/stm32f4xx_hal_dma.o
 .text.HAL_GPIO_Init
                0x080055f8      0x328 ./Drivers/STM32F4xx_HAL_Driver/Src/stm32f4xx_hal_gpio.o
                0x080055f8                HAL_GPIO_Init
 .text.HAL_GPIO_WritePin
                0x08005920       0x32 ./Drivers/STM32F4xx_HAL_Driver/Src/stm32f4xx_hal_gpio.o
                0x08005920                HAL_GPIO_WritePin
 *fill*         0x08005952        0x2 
 .text.HAL_I2C_Init
                0x08005954      0x288 ./Drivers/STM32F4xx_HAL_Driver/Src/stm32f4xx_hal_i2c.o
                0x08005954                HAL_I2C_Init
 .text.HAL_RCC_ClockConfig
                0x08005bdc      0x1cc ./Drivers/STM32F4xx_HAL_Driver/Src/stm32f4xx_hal_rcc.o
                0x08005bdc                HAL_RCC_ClockConfig
 .text.HAL_RCC_GetHCLKFreq
                0x08005da8       0x18 ./Drivers/STM32F4xx_HAL_Driver/Src/stm32f4xx_hal_rcc.o
                0x08005da8                HAL_RCC_GetHCLKFreq
 .text.HAL_RCC_GetPCLK1Freq
                0x08005dc0       0x28 ./Drivers/STM32F4xx_HAL_Driver/Src/stm32f4xx_hal_rcc.o
                0x08005dc0                HAL_RCC_GetPCLK1Freq
 .text.HAL_RCC_GetPCLK2Freq
                0x08005de8       0x28 ./Drivers/STM32F4xx_HAL_Driver/Src/stm32f4xx_hal_rcc.o
                0x08005de8                HAL_RCC_GetPCLK2Freq
 .text.HAL_RCC_GetSysClockFreq
                0x08005e10      0x354 ./Drivers/STM32F4xx_HAL_Driver/Src/stm32f4xx_hal_rcc_ex.o
                0x08005e10                HAL_RCC_GetSysClockFreq
 .text.HAL_RCC_OscConfig
                0x08006164      0x4b4 ./Drivers/STM32F4xx_HAL_Driver/Src/stm32f4xx_hal_rcc_ex.o
                0x08006164                HAL_RCC_OscConfig
 .text.HAL_SPI_Init
                0x08006618       0xc8 ./Drivers/STM32F4xx_HAL_Driver/Src/stm32f4xx_hal_spi.o
                0x08006618                HAL_SPI_Init
 .text.HAL_TIM_Base_Init
                0x080066e0       0x56 ./Drivers/STM32F4xx_HAL_Driver/Src/stm32f4xx_hal_tim.o
                0x080066e0                HAL_TIM_Base_Init
 .text.HAL_TIM_PWM_Init
                0x08006736       0x56 ./Drivers/STM32F4xx_HAL_Driver/Src/stm32f4xx_hal_tim.o
                0x08006736                HAL_TIM_PWM_Init
 .text.HAL_TIM_PWM_MspInit
                0x0800678c       0x14 ./Drivers/STM32F4xx_HAL_Driver/Src/stm32f4xx_hal_tim.o
                0x0800678c                HAL_TIM_PWM_MspInit
 .text.HAL_TIM_PWM_Start
                0x080067a0       0x7c ./Drivers/STM32F4xx_HAL_Driver/Src/stm32f4xx_hal_tim.o
                0x080067a0                HAL_TIM_PWM_Start
 .text.HAL_TIM_Encoder_Init
                0x0800681c      0x124 ./Drivers/STM32F4xx_HAL_Driver/Src/stm32f4xx_hal_tim.o
                0x0800681c                HAL_TIM_Encoder_Init
 .text.HAL_TIM_Encoder_Start
                0x08006940       0x70 ./Drivers/STM32F4xx_HAL_Driver/Src/stm32f4xx_hal_tim.o
                0x08006940                HAL_TIM_Encoder_Start
 .text.HAL_TIM_PWM_ConfigChannel
                0x080069b0      0x18c ./Drivers/STM32F4xx_HAL_Driver/Src/stm32f4xx_hal_tim.o
                0x080069b0                HAL_TIM_PWM_ConfigChannel
 .text.HAL_TIM_ConfigClockSource
                0x08006b3c      0x188 ./Drivers/STM32F4xx_HAL_Driver/Src/stm32f4xx_hal_tim.o
                0x08006b3c                HAL_TIM_ConfigClockSource
 .text.TIM_Base_SetConfig
                0x08006cc4      0x140 ./Drivers/STM32F4xx_HAL_Driver/Src/stm32f4xx_hal_tim.o
                0x08006cc4                TIM_Base_SetConfig
 .text.TIM_OC1_SetConfig
                0x08006e04       0xe0 ./Drivers/STM32F4xx_HAL_Driver/Src/stm32f4xx_hal_tim.o
 .text.TIM_OC2_SetConfig
                0x08006ee4       0xec ./Drivers/STM32F4xx_HAL_Driver/Src/stm32f4xx_hal_tim.o
                0x08006ee4                TIM_OC2_SetConfig
 .text.TIM_OC3_SetConfig
                0x08006fd0       0xe8 ./Drivers/STM32F4xx_HAL_Driver/Src/stm32f4xx_hal_tim.o
 .text.TIM_OC4_SetConfig
                0x080070b8       0xac ./Drivers/STM32F4xx_HAL_Driver/Src/stm32f4xx_hal_tim.o
 .text.TIM_TI1_ConfigInputStage
                0x08007164       0x5e ./Drivers/STM32F4xx_HAL_Driver/Src/stm32f4xx_hal_tim.o
 .text.TIM_TI2_ConfigInputStage
                0x080071c2       0x60 ./Drivers/STM32F4xx_HAL_Driver/Src/stm32f4xx_hal_tim.o
 .text.TIM_ITRx_SetConfig
                0x08007222       0x36 ./Drivers/STM32F4xx_HAL_Driver/Src/stm32f4xx_hal_tim.o
 .text.TIM_ETR_SetConfig
                0x08007258       0x40 ./Drivers/STM32F4xx_HAL_Driver/Src/stm32f4xx_hal_tim.o
                0x08007258                TIM_ETR_SetConfig
 .text.TIM_CCxChannelCmd
                0x08007298       0x4a ./Drivers/STM32F4xx_HAL_Driver/Src/stm32f4xx_hal_tim.o
                0x08007298                TIM_CCxChannelCmd
 *fill*         0x080072e2        0x2 
 .text.HAL_TIMEx_MasterConfigSynchronization
                0x080072e4       0xf8 ./Drivers/STM32F4xx_HAL_Driver/Src/stm32f4xx_hal_tim_ex.o
                0x080072e4                HAL_TIMEx_MasterConfigSynchronization
 .text.HAL_TIMEx_ConfigBreakDeadTime
                0x080073dc       0xa4 ./Drivers/STM32F4xx_HAL_Driver/Src/stm32f4xx_hal_tim_ex.o
                0x080073dc                HAL_TIMEx_ConfigBreakDeadTime
 .text.HAL_UART_Init
                0x08007480       0x9a ./Drivers/STM32F4xx_HAL_Driver/Src/stm32f4xx_hal_uart.o
                0x08007480                HAL_UART_Init
 .text.HAL_UART_Transmit
                0x0800751a      0x132 ./Drivers/STM32F4xx_HAL_Driver/Src/stm32f4xx_hal_uart.o
                0x0800751a                HAL_UART_Transmit
 .text.HAL_UART_Receive_IT
                0x0800764c       0xaa ./Drivers/STM32F4xx_HAL_Driver/Src/stm32f4xx_hal_uart.o
                0x0800764c                HAL_UART_Receive_IT
 *fill*         0x080076f6        0x2 
 .text.HAL_UART_Transmit_DMA
                0x080076f8       0xd8 ./Drivers/STM32F4xx_HAL_Driver/Src/stm32f4xx_hal_uart.o
                0x080076f8                HAL_UART_Transmit_DMA
 .text.HAL_UART_Receive_DMA
                0x080077d0      0x100 ./Drivers/STM32F4xx_HAL_Driver/Src/stm32f4xx_hal_uart.o
                0x080077d0                HAL_UART_Receive_DMA
 .text.HAL_UART_DMAStop
                0x080078d0       0xb6 ./Drivers/STM32F4xx_HAL_Driver/Src/stm32f4xx_hal_uart.o
                0x080078d0                HAL_UART_DMAStop
 *fill*         0x08007986        0x2 
 .text.HAL_UART_IRQHandler
                0x08007988      0x200 ./Drivers/STM32F4xx_HAL_Driver/Src/stm32f4xx_hal_uart.o
                0x08007988                HAL_UART_IRQHandler
 .text.HAL_UART_TxHalfCpltCallback
                0x08007b88       0x14 ./Drivers/STM32F4xx_HAL_Driver/Src/stm32f4xx_hal_uart.o
                0x08007b88                HAL_UART_TxHalfCpltCallback
 .text.HAL_UART_RxHalfCpltCallback
                0x08007b9c       0x14 ./Drivers/STM32F4xx_HAL_Driver/Src/stm32f4xx_hal_uart.o
                0x08007b9c                HAL_UART_RxHalfCpltCallback
 .text.UART_DMATransmitCplt
                0x08007bb0       0x52 ./Drivers/STM32F4xx_HAL_Driver/Src/stm32f4xx_hal_uart.o
 .text.UART_DMATxHalfCplt
                0x08007c02       0x1c ./Drivers/STM32F4xx_HAL_Driver/Src/stm32f4xx_hal_uart.o
 .text.UART_DMAReceiveCplt
                0x08007c1e       0x68 ./Drivers/STM32F4xx_HAL_Driver/Src/stm32f4xx_hal_uart.o
 .text.UART_DMARxHalfCplt
                0x08007c86       0x1c ./Drivers/STM32F4xx_HAL_Driver/Src/stm32f4xx_hal_uart.o
 .text.UART_DMAError
                0x08007ca2       0x94 ./Drivers/STM32F4xx_HAL_Driver/Src/stm32f4xx_hal_uart.o
 .text.UART_WaitOnFlagUntilTimeout
                0x08007d36       0x94 ./Drivers/STM32F4xx_HAL_Driver/Src/stm32f4xx_hal_uart.o
 .text.UART_EndTxTransfer
                0x08007dca       0x2c ./Drivers/STM32F4xx_HAL_Driver/Src/stm32f4xx_hal_uart.o
 .text.UART_EndRxTransfer
                0x08007df6       0x3c ./Drivers/STM32F4xx_HAL_Driver/Src/stm32f4xx_hal_uart.o
 .text.UART_DMAAbortOnError
                0x08007e32       0x28 ./Drivers/STM32F4xx_HAL_Driver/Src/stm32f4xx_hal_uart.o
 .text.UART_Transmit_IT
                0x08007e5a       0xac ./Drivers/STM32F4xx_HAL_Driver/Src/stm32f4xx_hal_uart.o
 .text.UART_EndTransmit_IT
                0x08007f06       0x30 ./Drivers/STM32F4xx_HAL_Driver/Src/stm32f4xx_hal_uart.o
 .text.UART_Receive_IT
                0x08007f36      0x102 ./Drivers/STM32F4xx_HAL_Driver/Src/stm32f4xx_hal_uart.o
 .text.UART_SetConfig
                0x08008038      0x9a0 ./Drivers/STM32F4xx_HAL_Driver/Src/stm32f4xx_hal_uart.o
 .text.atoi     0x080089d8        0x8 D:/ST/STM32CubeIDE_1.19.0/STM32CubeIDE/plugins/com.st.stm32cube.ide.mcu.externaltools.gnu-tools-for-stm32.13.3.rel1.win32_1.0.0.202411081344/tools/bin/../lib/gcc/arm-none-eabi/13.3.1/../../../../arm-none-eabi/lib/thumb/v7e-m+fp/hard\libc_nano.a(libc_a-atoi.o)
                0x080089d8                atoi
 .text._strtol_l.isra.0
                0x080089e0       0xf4 D:/ST/STM32CubeIDE_1.19.0/STM32CubeIDE/plugins/com.st.stm32cube.ide.mcu.externaltools.gnu-tools-for-stm32.13.3.rel1.win32_1.0.0.202411081344/tools/bin/../lib/gcc/arm-none-eabi/13.3.1/../../../../arm-none-eabi/lib/thumb/v7e-m+fp/hard\libc_nano.a(libc_a-strtol.o)
 .text.strtol   0x08008ad4       0x14 D:/ST/STM32CubeIDE_1.19.0/STM32CubeIDE/plugins/com.st.stm32cube.ide.mcu.externaltools.gnu-tools-for-stm32.13.3.rel1.win32_1.0.0.202411081344/tools/bin/../lib/gcc/arm-none-eabi/13.3.1/../../../../arm-none-eabi/lib/thumb/v7e-m+fp/hard\libc_nano.a(libc_a-strtol.o)
                0x08008ad4                strtol
 .text.__cvt    0x08008ae8       0xca D:/ST/STM32CubeIDE_1.19.0/STM32CubeIDE/plugins/com.st.stm32cube.ide.mcu.externaltools.gnu-tools-for-stm32.13.3.rel1.win32_1.0.0.202411081344/tools/bin/../lib/gcc/arm-none-eabi/13.3.1/../../../../arm-none-eabi/lib/thumb/v7e-m+fp/hard\libc_nano.a(libc_a-nano-vfprintf_float.o)
                0x08008ae8                __cvt
 .text.__exponent
                0x08008bb2       0x74 D:/ST/STM32CubeIDE_1.19.0/STM32CubeIDE/plugins/com.st.stm32cube.ide.mcu.externaltools.gnu-tools-for-stm32.13.3.rel1.win32_1.0.0.202411081344/tools/bin/../lib/gcc/arm-none-eabi/13.3.1/../../../../arm-none-eabi/lib/thumb/v7e-m+fp/hard\libc_nano.a(libc_a-nano-vfprintf_float.o)
                0x08008bb2                __exponent
 *fill*         0x08008c26        0x2 
 .text._printf_float
                0x08008c28      0x454 D:/ST/STM32CubeIDE_1.19.0/STM32CubeIDE/plugins/com.st.stm32cube.ide.mcu.externaltools.gnu-tools-for-stm32.13.3.rel1.win32_1.0.0.202411081344/tools/bin/../lib/gcc/arm-none-eabi/13.3.1/../../../../arm-none-eabi/lib/thumb/v7e-m+fp/hard\libc_nano.a(libc_a-nano-vfprintf_float.o)
                0x08008c28                _printf_float
 .text._printf_common
                0x0800907c       0xda D:/ST/STM32CubeIDE_1.19.0/STM32CubeIDE/plugins/com.st.stm32cube.ide.mcu.externaltools.gnu-tools-for-stm32.13.3.rel1.win32_1.0.0.202411081344/tools/bin/../lib/gcc/arm-none-eabi/13.3.1/../../../../arm-none-eabi/lib/thumb/v7e-m+fp/hard\libc_nano.a(libc_a-nano-vfprintf_i.o)
                0x0800907c                _printf_common
 *fill*         0x08009156        0x2 
 .text._printf_i
                0x08009158      0x23c D:/ST/STM32CubeIDE_1.19.0/STM32CubeIDE/plugins/com.st.stm32cube.ide.mcu.externaltools.gnu-tools-for-stm32.13.3.rel1.win32_1.0.0.202411081344/tools/bin/../lib/gcc/arm-none-eabi/13.3.1/../../../../arm-none-eabi/lib/thumb/v7e-m+fp/hard\libc_nano.a(libc_a-nano-vfprintf_i.o)
                0x08009158                _printf_i
 .text.std      0x08009394       0x6c D:/ST/STM32CubeIDE_1.19.0/STM32CubeIDE/plugins/com.st.stm32cube.ide.mcu.externaltools.gnu-tools-for-stm32.13.3.rel1.win32_1.0.0.202411081344/tools/bin/../lib/gcc/arm-none-eabi/13.3.1/../../../../arm-none-eabi/lib/thumb/v7e-m+fp/hard\libc_nano.a(libc_a-findfp.o)
 .text.stdio_exit_handler
                0x08009400       0x18 D:/ST/STM32CubeIDE_1.19.0/STM32CubeIDE/plugins/com.st.stm32cube.ide.mcu.externaltools.gnu-tools-for-stm32.13.3.rel1.win32_1.0.0.202411081344/tools/bin/../lib/gcc/arm-none-eabi/13.3.1/../../../../arm-none-eabi/lib/thumb/v7e-m+fp/hard\libc_nano.a(libc_a-findfp.o)
 .text.cleanup_stdio
                0x08009418       0x40 D:/ST/STM32CubeIDE_1.19.0/STM32CubeIDE/plugins/com.st.stm32cube.ide.mcu.externaltools.gnu-tools-for-stm32.13.3.rel1.win32_1.0.0.202411081344/tools/bin/../lib/gcc/arm-none-eabi/13.3.1/../../../../arm-none-eabi/lib/thumb/v7e-m+fp/hard\libc_nano.a(libc_a-findfp.o)
 .text.global_stdio_init.part.0
                0x08009458       0x3c D:/ST/STM32CubeIDE_1.19.0/STM32CubeIDE/plugins/com.st.stm32cube.ide.mcu.externaltools.gnu-tools-for-stm32.13.3.rel1.win32_1.0.0.202411081344/tools/bin/../lib/gcc/arm-none-eabi/13.3.1/../../../../arm-none-eabi/lib/thumb/v7e-m+fp/hard\libc_nano.a(libc_a-findfp.o)
 .text.__sfp_lock_acquire
                0x08009494        0xc D:/ST/STM32CubeIDE_1.19.0/STM32CubeIDE/plugins/com.st.stm32cube.ide.mcu.externaltools.gnu-tools-for-stm32.13.3.rel1.win32_1.0.0.202411081344/tools/bin/../lib/gcc/arm-none-eabi/13.3.1/../../../../arm-none-eabi/lib/thumb/v7e-m+fp/hard\libc_nano.a(libc_a-findfp.o)
                0x08009494                __sfp_lock_acquire
 .text.__sfp_lock_release
                0x080094a0        0xc D:/ST/STM32CubeIDE_1.19.0/STM32CubeIDE/plugins/com.st.stm32cube.ide.mcu.externaltools.gnu-tools-for-stm32.13.3.rel1.win32_1.0.0.202411081344/tools/bin/../lib/gcc/arm-none-eabi/13.3.1/../../../../arm-none-eabi/lib/thumb/v7e-m+fp/hard\libc_nano.a(libc_a-findfp.o)
                0x080094a0                __sfp_lock_release
 .text.__sinit  0x080094ac       0x30 D:/ST/STM32CubeIDE_1.19.0/STM32CubeIDE/plugins/com.st.stm32cube.ide.mcu.externaltools.gnu-tools-for-stm32.13.3.rel1.win32_1.0.0.202411081344/tools/bin/../lib/gcc/arm-none-eabi/13.3.1/../../../../arm-none-eabi/lib/thumb/v7e-m+fp/hard\libc_nano.a(libc_a-findfp.o)
                0x080094ac                __sinit
 .text._fwalk_sglue
                0x080094dc       0x3c D:/ST/STM32CubeIDE_1.19.0/STM32CubeIDE/plugins/com.st.stm32cube.ide.mcu.externaltools.gnu-tools-for-stm32.13.3.rel1.win32_1.0.0.202411081344/tools/bin/../lib/gcc/arm-none-eabi/13.3.1/../../../../arm-none-eabi/lib/thumb/v7e-m+fp/hard\libc_nano.a(libc_a-fwalk.o)
                0x080094dc                _fwalk_sglue
 .text.snprintf
                0x08009518       0x6c D:/ST/STM32CubeIDE_1.19.0/STM32CubeIDE/plugins/com.st.stm32cube.ide.mcu.externaltools.gnu-tools-for-stm32.13.3.rel1.win32_1.0.0.202411081344/tools/bin/../lib/gcc/arm-none-eabi/13.3.1/../../../../arm-none-eabi/lib/thumb/v7e-m+fp/hard\libc_nano.a(libc_a-snprintf.o)
                0x08009518                sniprintf
                0x08009518                snprintf
 .text.__sread  0x08009584       0x22 D:/ST/STM32CubeIDE_1.19.0/STM32CubeIDE/plugins/com.st.stm32cube.ide.mcu.externaltools.gnu-tools-for-stm32.13.3.rel1.win32_1.0.0.202411081344/tools/bin/../lib/gcc/arm-none-eabi/13.3.1/../../../../arm-none-eabi/lib/thumb/v7e-m+fp/hard\libc_nano.a(libc_a-stdio.o)
                0x08009584                __sread
 .text.__swrite
                0x080095a6       0x38 D:/ST/STM32CubeIDE_1.19.0/STM32CubeIDE/plugins/com.st.stm32cube.ide.mcu.externaltools.gnu-tools-for-stm32.13.3.rel1.win32_1.0.0.202411081344/tools/bin/../lib/gcc/arm-none-eabi/13.3.1/../../../../arm-none-eabi/lib/thumb/v7e-m+fp/hard\libc_nano.a(libc_a-stdio.o)
                0x080095a6                __swrite
 .text.__sseek  0x080095de       0x24 D:/ST/STM32CubeIDE_1.19.0/STM32CubeIDE/plugins/com.st.stm32cube.ide.mcu.externaltools.gnu-tools-for-stm32.13.3.rel1.win32_1.0.0.202411081344/tools/bin/../lib/gcc/arm-none-eabi/13.3.1/../../../../arm-none-eabi/lib/thumb/v7e-m+fp/hard\libc_nano.a(libc_a-stdio.o)
                0x080095de                __sseek
 .text.__sclose
                0x08009602        0x8 D:/ST/STM32CubeIDE_1.19.0/STM32CubeIDE/plugins/com.st.stm32cube.ide.mcu.externaltools.gnu-tools-for-stm32.13.3.rel1.win32_1.0.0.202411081344/tools/bin/../lib/gcc/arm-none-eabi/13.3.1/../../../../arm-none-eabi/lib/thumb/v7e-m+fp/hard\libc_nano.a(libc_a-stdio.o)
                0x08009602                __sclose
 .text.memmove  0x0800960a       0x34 D:/ST/STM32CubeIDE_1.19.0/STM32CubeIDE/plugins/com.st.stm32cube.ide.mcu.externaltools.gnu-tools-for-stm32.13.3.rel1.win32_1.0.0.202411081344/tools/bin/../lib/gcc/arm-none-eabi/13.3.1/../../../../arm-none-eabi/lib/thumb/v7e-m+fp/hard\libc_nano.a(libc_a-memmove.o)
                0x0800960a                memmove
 .text.memset   0x0800963e       0x10 D:/ST/STM32CubeIDE_1.19.0/STM32CubeIDE/plugins/com.st.stm32cube.ide.mcu.externaltools.gnu-tools-for-stm32.13.3.rel1.win32_1.0.0.202411081344/tools/bin/../lib/gcc/arm-none-eabi/13.3.1/../../../../arm-none-eabi/lib/thumb/v7e-m+fp/hard\libc_nano.a(libc_a-memset.o)
                0x0800963e                memset
 .text.strchr   0x0800964e       0x1a D:/ST/STM32CubeIDE_1.19.0/STM32CubeIDE/plugins/com.st.stm32cube.ide.mcu.externaltools.gnu-tools-for-stm32.13.3.rel1.win32_1.0.0.202411081344/tools/bin/../lib/gcc/arm-none-eabi/13.3.1/../../../../arm-none-eabi/lib/thumb/v7e-m+fp/hard\libc_nano.a(libc_a-strchr.o)
                0x0800964e                strchr
 .text.strncmp  0x08009668       0x24 D:/ST/STM32CubeIDE_1.19.0/STM32CubeIDE/plugins/com.st.stm32cube.ide.mcu.externaltools.gnu-tools-for-stm32.13.3.rel1.win32_1.0.0.202411081344/tools/bin/../lib/gcc/arm-none-eabi/13.3.1/../../../../arm-none-eabi/lib/thumb/v7e-m+fp/hard\libc_nano.a(libc_a-strncmp.o)
                0x08009668                strncmp
 .text._localeconv_r
                0x0800968c        0x8 D:/ST/STM32CubeIDE_1.19.0/STM32CubeIDE/plugins/com.st.stm32cube.ide.mcu.externaltools.gnu-tools-for-stm32.13.3.rel1.win32_1.0.0.202411081344/tools/bin/../lib/gcc/arm-none-eabi/13.3.1/../../../../arm-none-eabi/lib/thumb/v7e-m+fp/hard\libc_nano.a(libc_a-localeconv.o)
                0x0800968c                _localeconv_r
 .text._close_r
                0x08009694       0x20 D:/ST/STM32CubeIDE_1.19.0/STM32CubeIDE/plugins/com.st.stm32cube.ide.mcu.externaltools.gnu-tools-for-stm32.13.3.rel1.win32_1.0.0.202411081344/tools/bin/../lib/gcc/arm-none-eabi/13.3.1/../../../../arm-none-eabi/lib/thumb/v7e-m+fp/hard\libc_nano.a(libc_a-closer.o)
                0x08009694                _close_r
 .text._lseek_r
                0x080096b4       0x24 D:/ST/STM32CubeIDE_1.19.0/STM32CubeIDE/plugins/com.st.stm32cube.ide.mcu.externaltools.gnu-tools-for-stm32.13.3.rel1.win32_1.0.0.202411081344/tools/bin/../lib/gcc/arm-none-eabi/13.3.1/../../../../arm-none-eabi/lib/thumb/v7e-m+fp/hard\libc_nano.a(libc_a-lseekr.o)
                0x080096b4                _lseek_r
 .text._read_r  0x080096d8       0x24 D:/ST/STM32CubeIDE_1.19.0/STM32CubeIDE/plugins/com.st.stm32cube.ide.mcu.externaltools.gnu-tools-for-stm32.13.3.rel1.win32_1.0.0.202411081344/tools/bin/../lib/gcc/arm-none-eabi/13.3.1/../../../../arm-none-eabi/lib/thumb/v7e-m+fp/hard\libc_nano.a(libc_a-readr.o)
                0x080096d8                _read_r
 .text._write_r
                0x080096fc       0x24 D:/ST/STM32CubeIDE_1.19.0/STM32CubeIDE/plugins/com.st.stm32cube.ide.mcu.externaltools.gnu-tools-for-stm32.13.3.rel1.win32_1.0.0.202411081344/tools/bin/../lib/gcc/arm-none-eabi/13.3.1/../../../../arm-none-eabi/lib/thumb/v7e-m+fp/hard\libc_nano.a(libc_a-writer.o)
                0x080096fc                _write_r
 .text.__errno  0x08009720        0xc D:/ST/STM32CubeIDE_1.19.0/STM32CubeIDE/plugins/com.st.stm32cube.ide.mcu.externaltools.gnu-tools-for-stm32.13.3.rel1.win32_1.0.0.202411081344/tools/bin/../lib/gcc/arm-none-eabi/13.3.1/../../../../arm-none-eabi/lib/thumb/v7e-m+fp/hard\libc_nano.a(libc_a-errno.o)
                0x08009720                __errno
 .text.__libc_init_array
                0x0800972c       0x48 D:/ST/STM32CubeIDE_1.19.0/STM32CubeIDE/plugins/com.st.stm32cube.ide.mcu.externaltools.gnu-tools-for-stm32.13.3.rel1.win32_1.0.0.202411081344/tools/bin/../lib/gcc/arm-none-eabi/13.3.1/../../../../arm-none-eabi/lib/thumb/v7e-m+fp/hard\libc_nano.a(libc_a-init.o)
                0x0800972c                __libc_init_array
 .text.__retarget_lock_init_recursive
                0x08009774        0x2 D:/ST/STM32CubeIDE_1.19.0/STM32CubeIDE/plugins/com.st.stm32cube.ide.mcu.externaltools.gnu-tools-for-stm32.13.3.rel1.win32_1.0.0.202411081344/tools/bin/../lib/gcc/arm-none-eabi/13.3.1/../../../../arm-none-eabi/lib/thumb/v7e-m+fp/hard\libc_nano.a(libc_a-lock.o)
                0x08009774                __retarget_lock_init_recursive
 .text.__retarget_lock_acquire_recursive
                0x08009776        0x2 D:/ST/STM32CubeIDE_1.19.0/STM32CubeIDE/plugins/com.st.stm32cube.ide.mcu.externaltools.gnu-tools-for-stm32.13.3.rel1.win32_1.0.0.202411081344/tools/bin/../lib/gcc/arm-none-eabi/13.3.1/../../../../arm-none-eabi/lib/thumb/v7e-m+fp/hard\libc_nano.a(libc_a-lock.o)
                0x08009776                __retarget_lock_acquire_recursive
 .text.__retarget_lock_release_recursive
                0x08009778        0x2 D:/ST/STM32CubeIDE_1.19.0/STM32CubeIDE/plugins/com.st.stm32cube.ide.mcu.externaltools.gnu-tools-for-stm32.13.3.rel1.win32_1.0.0.202411081344/tools/bin/../lib/gcc/arm-none-eabi/13.3.1/../../../../arm-none-eabi/lib/thumb/v7e-m+fp/hard\libc_nano.a(libc_a-lock.o)
                0x08009778                __retarget_lock_release_recursive
 .text.memcpy   0x0800977a       0x1c D:/ST/STM32CubeIDE_1.19.0/STM32CubeIDE/plugins/com.st.stm32cube.ide.mcu.externaltools.gnu-tools-for-stm32.13.3.rel1.win32_1.0.0.202411081344/tools/bin/../lib/gcc/arm-none-eabi/13.3.1/../../../../arm-none-eabi/lib/thumb/v7e-m+fp/hard\libc_nano.a(libc_a-memcpy-stub.o)
                0x0800977a                memcpy
 .text.quorem   0x08009796      0x110 D:/ST/STM32CubeIDE_1.19.0/STM32CubeIDE/plugins/com.st.stm32cube.ide.mcu.externaltools.gnu-tools-for-stm32.13.3.rel1.win32_1.0.0.202411081344/tools/bin/../lib/gcc/arm-none-eabi/13.3.1/../../../../arm-none-eabi/lib/thumb/v7e-m+fp/hard\libc_nano.a(libc_a-dtoa.o)
 *fill*         0x080098a6        0x2 
 .text._dtoa_r  0x080098a8      0xba0 D:/ST/STM32CubeIDE_1.19.0/STM32CubeIDE/plugins/com.st.stm32cube.ide.mcu.externaltools.gnu-tools-for-stm32.13.3.rel1.win32_1.0.0.202411081344/tools/bin/../lib/gcc/arm-none-eabi/13.3.1/../../../../arm-none-eabi/lib/thumb/v7e-m+fp/hard\libc_nano.a(libc_a-dtoa.o)
                0x080098a8                _dtoa_r
 .text._free_r  0x0800a448       0x94 D:/ST/STM32CubeIDE_1.19.0/STM32CubeIDE/plugins/com.st.stm32cube.ide.mcu.externaltools.gnu-tools-for-stm32.13.3.rel1.win32_1.0.0.202411081344/tools/bin/../lib/gcc/arm-none-eabi/13.3.1/../../../../arm-none-eabi/lib/thumb/v7e-m+fp/hard\libc_nano.a(libc_a-freer.o)
                0x0800a448                _free_r
 .text.malloc   0x0800a4dc       0x10 D:/ST/STM32CubeIDE_1.19.0/STM32CubeIDE/plugins/com.st.stm32cube.ide.mcu.externaltools.gnu-tools-for-stm32.13.3.rel1.win32_1.0.0.202411081344/tools/bin/../lib/gcc/arm-none-eabi/13.3.1/../../../../arm-none-eabi/lib/thumb/v7e-m+fp/hard\libc_nano.a(libc_a-malloc.o)
                0x0800a4dc                malloc
 .text.sbrk_aligned
                0x0800a4ec       0x44 D:/ST/STM32CubeIDE_1.19.0/STM32CubeIDE/plugins/com.st.stm32cube.ide.mcu.externaltools.gnu-tools-for-stm32.13.3.rel1.win32_1.0.0.202411081344/tools/bin/../lib/gcc/arm-none-eabi/13.3.1/../../../../arm-none-eabi/lib/thumb/v7e-m+fp/hard\libc_nano.a(libc_a-mallocr.o)
 .text._malloc_r
                0x0800a530      0x100 D:/ST/STM32CubeIDE_1.19.0/STM32CubeIDE/plugins/com.st.stm32cube.ide.mcu.externaltools.gnu-tools-for-stm32.13.3.rel1.win32_1.0.0.202411081344/tools/bin/../lib/gcc/arm-none-eabi/13.3.1/../../../../arm-none-eabi/lib/thumb/v7e-m+fp/hard\libc_nano.a(libc_a-mallocr.o)
                0x0800a530                _malloc_r
 .text.__malloc_lock
                0x0800a630        0xc D:/ST/STM32CubeIDE_1.19.0/STM32CubeIDE/plugins/com.st.stm32cube.ide.mcu.externaltools.gnu-tools-for-stm32.13.3.rel1.win32_1.0.0.202411081344/tools/bin/../lib/gcc/arm-none-eabi/13.3.1/../../../../arm-none-eabi/lib/thumb/v7e-m+fp/hard\libc_nano.a(libc_a-mlock.o)
                0x0800a630                __malloc_lock
 .text.__malloc_unlock
                0x0800a63c        0xc D:/ST/STM32CubeIDE_1.19.0/STM32CubeIDE/plugins/com.st.stm32cube.ide.mcu.externaltools.gnu-tools-for-stm32.13.3.rel1.win32_1.0.0.202411081344/tools/bin/../lib/gcc/arm-none-eabi/13.3.1/../../../../arm-none-eabi/lib/thumb/v7e-m+fp/hard\libc_nano.a(libc_a-mlock.o)
                0x0800a63c                __malloc_unlock
 .text._Balloc  0x0800a648       0x80 D:/ST/STM32CubeIDE_1.19.0/STM32CubeIDE/plugins/com.st.stm32cube.ide.mcu.externaltools.gnu-tools-for-stm32.13.3.rel1.win32_1.0.0.202411081344/tools/bin/../lib/gcc/arm-none-eabi/13.3.1/../../../../arm-none-eabi/lib/thumb/v7e-m+fp/hard\libc_nano.a(libc_a-mprec.o)
                0x0800a648                _Balloc
 .text._Bfree   0x0800a6c8       0x44 D:/ST/STM32CubeIDE_1.19.0/STM32CubeIDE/plugins/com.st.stm32cube.ide.mcu.externaltools.gnu-tools-for-stm32.13.3.rel1.win32_1.0.0.202411081344/tools/bin/../lib/gcc/arm-none-eabi/13.3.1/../../../../arm-none-eabi/lib/thumb/v7e-m+fp/hard\libc_nano.a(libc_a-mprec.o)
                0x0800a6c8                _Bfree
 .text.__multadd
                0x0800a70c       0x8c D:/ST/STM32CubeIDE_1.19.0/STM32CubeIDE/plugins/com.st.stm32cube.ide.mcu.externaltools.gnu-tools-for-stm32.13.3.rel1.win32_1.0.0.202411081344/tools/bin/../lib/gcc/arm-none-eabi/13.3.1/../../../../arm-none-eabi/lib/thumb/v7e-m+fp/hard\libc_nano.a(libc_a-mprec.o)
                0x0800a70c                __multadd
 .text.__hi0bits
                0x0800a798       0x3e D:/ST/STM32CubeIDE_1.19.0/STM32CubeIDE/plugins/com.st.stm32cube.ide.mcu.externaltools.gnu-tools-for-stm32.13.3.rel1.win32_1.0.0.202411081344/tools/bin/../lib/gcc/arm-none-eabi/13.3.1/../../../../arm-none-eabi/lib/thumb/v7e-m+fp/hard\libc_nano.a(libc_a-mprec.o)
                0x0800a798                __hi0bits
 .text.__lo0bits
                0x0800a7d6       0x5a D:/ST/STM32CubeIDE_1.19.0/STM32CubeIDE/plugins/com.st.stm32cube.ide.mcu.externaltools.gnu-tools-for-stm32.13.3.rel1.win32_1.0.0.202411081344/tools/bin/../lib/gcc/arm-none-eabi/13.3.1/../../../../arm-none-eabi/lib/thumb/v7e-m+fp/hard\libc_nano.a(libc_a-mprec.o)
                0x0800a7d6                __lo0bits
 .text.__i2b    0x0800a830       0x2c D:/ST/STM32CubeIDE_1.19.0/STM32CubeIDE/plugins/com.st.stm32cube.ide.mcu.externaltools.gnu-tools-for-stm32.13.3.rel1.win32_1.0.0.202411081344/tools/bin/../lib/gcc/arm-none-eabi/13.3.1/../../../../arm-none-eabi/lib/thumb/v7e-m+fp/hard\libc_nano.a(libc_a-mprec.o)
                0x0800a830                __i2b
 .text.__multiply
                0x0800a85c      0x144 D:/ST/STM32CubeIDE_1.19.0/STM32CubeIDE/plugins/com.st.stm32cube.ide.mcu.externaltools.gnu-tools-for-stm32.13.3.rel1.win32_1.0.0.202411081344/tools/bin/../lib/gcc/arm-none-eabi/13.3.1/../../../../arm-none-eabi/lib/thumb/v7e-m+fp/hard\libc_nano.a(libc_a-mprec.o)
                0x0800a85c                __multiply
 .text.__pow5mult
                0x0800a9a0       0xb4 D:/ST/STM32CubeIDE_1.19.0/STM32CubeIDE/plugins/com.st.stm32cube.ide.mcu.externaltools.gnu-tools-for-stm32.13.3.rel1.win32_1.0.0.202411081344/tools/bin/../lib/gcc/arm-none-eabi/13.3.1/../../../../arm-none-eabi/lib/thumb/v7e-m+fp/hard\libc_nano.a(libc_a-mprec.o)
                0x0800a9a0                __pow5mult
 .text.__lshift
                0x0800aa54       0xd8 D:/ST/STM32CubeIDE_1.19.0/STM32CubeIDE/plugins/com.st.stm32cube.ide.mcu.externaltools.gnu-tools-for-stm32.13.3.rel1.win32_1.0.0.202411081344/tools/bin/../lib/gcc/arm-none-eabi/13.3.1/../../../../arm-none-eabi/lib/thumb/v7e-m+fp/hard\libc_nano.a(libc_a-mprec.o)
                0x0800aa54                __lshift
 .text.__mcmp   0x0800ab2c       0x36 D:/ST/STM32CubeIDE_1.19.0/STM32CubeIDE/plugins/com.st.stm32cube.ide.mcu.externaltools.gnu-tools-for-stm32.13.3.rel1.win32_1.0.0.202411081344/tools/bin/../lib/gcc/arm-none-eabi/13.3.1/../../../../arm-none-eabi/lib/thumb/v7e-m+fp/hard\libc_nano.a(libc_a-mprec.o)
                0x0800ab2c                __mcmp
 *fill*         0x0800ab62        0x2 
 .text.__mdiff  0x0800ab64      0x128 D:/ST/STM32CubeIDE_1.19.0/STM32CubeIDE/plugins/com.st.stm32cube.ide.mcu.externaltools.gnu-tools-for-stm32.13.3.rel1.win32_1.0.0.202411081344/tools/bin/../lib/gcc/arm-none-eabi/13.3.1/../../../../arm-none-eabi/lib/thumb/v7e-m+fp/hard\libc_nano.a(libc_a-mprec.o)
                0x0800ab64                __mdiff
 .text.__d2b    0x0800ac8c       0xb0 D:/ST/STM32CubeIDE_1.19.0/STM32CubeIDE/plugins/com.st.stm32cube.ide.mcu.externaltools.gnu-tools-for-stm32.13.3.rel1.win32_1.0.0.202411081344/tools/bin/../lib/gcc/arm-none-eabi/13.3.1/../../../../arm-none-eabi/lib/thumb/v7e-m+fp/hard\libc_nano.a(libc_a-mprec.o)
                0x0800ac8c                __d2b
 .text.__ssputs_r
                0x0800ad3c       0xb6 D:/ST/STM32CubeIDE_1.19.0/STM32CubeIDE/plugins/com.st.stm32cube.ide.mcu.externaltools.gnu-tools-for-stm32.13.3.rel1.win32_1.0.0.202411081344/tools/bin/../lib/gcc/arm-none-eabi/13.3.1/../../../../arm-none-eabi/lib/thumb/v7e-m+fp/hard\libc_nano.a(libc_a-nano-svfprintf.o)
                0x0800ad3c                __ssputs_r
 *fill*         0x0800adf2        0x2 
 .text._svfprintf_r
                0x0800adf4      0x1f8 D:/ST/STM32CubeIDE_1.19.0/STM32CubeIDE/plugins/com.st.stm32cube.ide.mcu.externaltools.gnu-tools-for-stm32.13.3.rel1.win32_1.0.0.202411081344/tools/bin/../lib/gcc/arm-none-eabi/13.3.1/../../../../arm-none-eabi/lib/thumb/v7e-m+fp/hard\libc_nano.a(libc_a-nano-svfprintf.o)
                0x0800adf4                _svfiprintf_r
                0x0800adf4                _svfprintf_r
 .text.__sflush_r
                0x0800afec      0x108 D:/ST/STM32CubeIDE_1.19.0/STM32CubeIDE/plugins/com.st.stm32cube.ide.mcu.externaltools.gnu-tools-for-stm32.13.3.rel1.win32_1.0.0.202411081344/tools/bin/../lib/gcc/arm-none-eabi/13.3.1/../../../../arm-none-eabi/lib/thumb/v7e-m+fp/hard\libc_nano.a(libc_a-fflush.o)
                0x0800afec                __sflush_r
 .text._fflush_r
                0x0800b0f4       0x50 D:/ST/STM32CubeIDE_1.19.0/STM32CubeIDE/plugins/com.st.stm32cube.ide.mcu.externaltools.gnu-tools-for-stm32.13.3.rel1.win32_1.0.0.202411081344/tools/bin/../lib/gcc/arm-none-eabi/13.3.1/../../../../arm-none-eabi/lib/thumb/v7e-m+fp/hard\libc_nano.a(libc_a-fflush.o)
                0x0800b0f4                _fflush_r
 .text._sbrk_r  0x0800b144       0x20 D:/ST/STM32CubeIDE_1.19.0/STM32CubeIDE/plugins/com.st.stm32cube.ide.mcu.externaltools.gnu-tools-for-stm32.13.3.rel1.win32_1.0.0.202411081344/tools/bin/../lib/gcc/arm-none-eabi/13.3.1/../../../../arm-none-eabi/lib/thumb/v7e-m+fp/hard\libc_nano.a(libc_a-sbrkr.o)
                0x0800b144                _sbrk_r
 .text.__assert_func
                0x0800b164       0x3c D:/ST/STM32CubeIDE_1.19.0/STM32CubeIDE/plugins/com.st.stm32cube.ide.mcu.externaltools.gnu-tools-for-stm32.13.3.rel1.win32_1.0.0.202411081344/tools/bin/../lib/gcc/arm-none-eabi/13.3.1/../../../../arm-none-eabi/lib/thumb/v7e-m+fp/hard\libc_nano.a(libc_a-assert.o)
                0x0800b164                __assert_func
 .text._calloc_r
                0x0800b1a0       0x28 D:/ST/STM32CubeIDE_1.19.0/STM32CubeIDE/plugins/com.st.stm32cube.ide.mcu.externaltools.gnu-tools-for-stm32.13.3.rel1.win32_1.0.0.202411081344/tools/bin/../lib/gcc/arm-none-eabi/13.3.1/../../../../arm-none-eabi/lib/thumb/v7e-m+fp/hard\libc_nano.a(libc_a-callocr.o)
                0x0800b1a0                _calloc_r
 .text.__ascii_mbtowc
                0x0800b1c8       0x24 D:/ST/STM32CubeIDE_1.19.0/STM32CubeIDE/plugins/com.st.stm32cube.ide.mcu.externaltools.gnu-tools-for-stm32.13.3.rel1.win32_1.0.0.202411081344/tools/bin/../lib/gcc/arm-none-eabi/13.3.1/../../../../arm-none-eabi/lib/thumb/v7e-m+fp/hard\libc_nano.a(libc_a-mbtowc_r.o)
                0x0800b1c8                __ascii_mbtowc
 .text._realloc_r
                0x0800b1ec       0x5c D:/ST/STM32CubeIDE_1.19.0/STM32CubeIDE/plugins/com.st.stm32cube.ide.mcu.externaltools.gnu-tools-for-stm32.13.3.rel1.win32_1.0.0.202411081344/tools/bin/../lib/gcc/arm-none-eabi/13.3.1/../../../../arm-none-eabi/lib/thumb/v7e-m+fp/hard\libc_nano.a(libc_a-reallocr.o)
                0x0800b1ec                _realloc_r
 .text.__ascii_wctomb
                0x0800b248       0x1a D:/ST/STM32CubeIDE_1.19.0/STM32CubeIDE/plugins/com.st.stm32cube.ide.mcu.externaltools.gnu-tools-for-stm32.13.3.rel1.win32_1.0.0.202411081344/tools/bin/../lib/gcc/arm-none-eabi/13.3.1/../../../../arm-none-eabi/lib/thumb/v7e-m+fp/hard\libc_nano.a(libc_a-wctomb_r.o)
                0x0800b248                __ascii_wctomb
 *fill*         0x0800b262        0x2 
 .text.fprintf  0x0800b264       0x24 D:/ST/STM32CubeIDE_1.19.0/STM32CubeIDE/plugins/com.st.stm32cube.ide.mcu.externaltools.gnu-tools-for-stm32.13.3.rel1.win32_1.0.0.202411081344/tools/bin/../lib/gcc/arm-none-eabi/13.3.1/../../../../arm-none-eabi/lib/thumb/v7e-m+fp/hard\libc_nano.a(libc_a-fprintf.o)
                0x0800b264                fiprintf
                0x0800b264                fprintf
 .text.abort    0x0800b288        0xe D:/ST/STM32CubeIDE_1.19.0/STM32CubeIDE/plugins/com.st.stm32cube.ide.mcu.externaltools.gnu-tools-for-stm32.13.3.rel1.win32_1.0.0.202411081344/tools/bin/../lib/gcc/arm-none-eabi/13.3.1/../../../../arm-none-eabi/lib/thumb/v7e-m+fp/hard\libc_nano.a(libc_a-abort.o)
                0x0800b288                abort
 .text._malloc_usable_size_r
                0x0800b296       0x10 D:/ST/STM32CubeIDE_1.19.0/STM32CubeIDE/plugins/com.st.stm32cube.ide.mcu.externaltools.gnu-tools-for-stm32.13.3.rel1.win32_1.0.0.202411081344/tools/bin/../lib/gcc/arm-none-eabi/13.3.1/../../../../arm-none-eabi/lib/thumb/v7e-m+fp/hard\libc_nano.a(libc_a-msizer.o)
                0x0800b296                _malloc_usable_size_r
 .text.__sfputc_r
                0x0800b2a6       0x2e D:/ST/STM32CubeIDE_1.19.0/STM32CubeIDE/plugins/com.st.stm32cube.ide.mcu.externaltools.gnu-tools-for-stm32.13.3.rel1.win32_1.0.0.202411081344/tools/bin/../lib/gcc/arm-none-eabi/13.3.1/../../../../arm-none-eabi/lib/thumb/v7e-m+fp/hard\libc_nano.a(libc_a-nano-vfprintf.o)
 .text.__sfputs_r
                0x0800b2d4       0x24 D:/ST/STM32CubeIDE_1.19.0/STM32CubeIDE/plugins/com.st.stm32cube.ide.mcu.externaltools.gnu-tools-for-stm32.13.3.rel1.win32_1.0.0.202411081344/tools/bin/../lib/gcc/arm-none-eabi/13.3.1/../../../../arm-none-eabi/lib/thumb/v7e-m+fp/hard\libc_nano.a(libc_a-nano-vfprintf.o)
                0x0800b2d4                __sfputs_r
 .text._vfprintf_r
                0x0800b2f8      0x230 D:/ST/STM32CubeIDE_1.19.0/STM32CubeIDE/plugins/com.st.stm32cube.ide.mcu.externaltools.gnu-tools-for-stm32.13.3.rel1.win32_1.0.0.202411081344/tools/bin/../lib/gcc/arm-none-eabi/13.3.1/../../../../arm-none-eabi/lib/thumb/v7e-m+fp/hard\libc_nano.a(libc_a-nano-vfprintf.o)
                0x0800b2f8                _vfprintf_r
                0x0800b2f8                _vfiprintf_r
 .text.__swbuf_r
                0x0800b528       0x7c D:/ST/STM32CubeIDE_1.19.0/STM32CubeIDE/plugins/com.st.stm32cube.ide.mcu.externaltools.gnu-tools-for-stm32.13.3.rel1.win32_1.0.0.202411081344/tools/bin/../lib/gcc/arm-none-eabi/13.3.1/../../../../arm-none-eabi/lib/thumb/v7e-m+fp/hard\libc_nano.a(libc_a-wbuf.o)
                0x0800b528                __swbuf_r
 .text.__swsetup_r
                0x0800b5a4       0xac D:/ST/STM32CubeIDE_1.19.0/STM32CubeIDE/plugins/com.st.stm32cube.ide.mcu.externaltools.gnu-tools-for-stm32.13.3.rel1.win32_1.0.0.202411081344/tools/bin/../lib/gcc/arm-none-eabi/13.3.1/../../../../arm-none-eabi/lib/thumb/v7e-m+fp/hard\libc_nano.a(libc_a-wsetup.o)
                0x0800b5a4                __swsetup_r
 .text._raise_r
                0x0800b650       0x50 D:/ST/STM32CubeIDE_1.19.0/STM32CubeIDE/plugins/com.st.stm32cube.ide.mcu.externaltools.gnu-tools-for-stm32.13.3.rel1.win32_1.0.0.202411081344/tools/bin/../lib/gcc/arm-none-eabi/13.3.1/../../../../arm-none-eabi/lib/thumb/v7e-m+fp/hard\libc_nano.a(libc_a-signal.o)
                0x0800b650                _raise_r
 .text.raise    0x0800b6a0       0x10 D:/ST/STM32CubeIDE_1.19.0/STM32CubeIDE/plugins/com.st.stm32cube.ide.mcu.externaltools.gnu-tools-for-stm32.13.3.rel1.win32_1.0.0.202411081344/tools/bin/../lib/gcc/arm-none-eabi/13.3.1/../../../../arm-none-eabi/lib/thumb/v7e-m+fp/hard\libc_nano.a(libc_a-signal.o)
                0x0800b6a0                raise
 .text._kill_r  0x0800b6b0       0x24 D:/ST/STM32CubeIDE_1.19.0/STM32CubeIDE/plugins/com.st.stm32cube.ide.mcu.externaltools.gnu-tools-for-stm32.13.3.rel1.win32_1.0.0.202411081344/tools/bin/../lib/gcc/arm-none-eabi/13.3.1/../../../../arm-none-eabi/lib/thumb/v7e-m+fp/hard\libc_nano.a(libc_a-signalr.o)
                0x0800b6b0                _kill_r
 .text._getpid_r
                0x0800b6d4        0x4 D:/ST/STM32CubeIDE_1.19.0/STM32CubeIDE/plugins/com.st.stm32cube.ide.mcu.externaltools.gnu-tools-for-stm32.13.3.rel1.win32_1.0.0.202411081344/tools/bin/../lib/gcc/arm-none-eabi/13.3.1/../../../../arm-none-eabi/lib/thumb/v7e-m+fp/hard\libc_nano.a(libc_a-signalr.o)
                0x0800b6d4                _getpid_r
 .text.__swhatbuf_r
                0x0800b6d8       0x4c D:/ST/STM32CubeIDE_1.19.0/STM32CubeIDE/plugins/com.st.stm32cube.ide.mcu.externaltools.gnu-tools-for-stm32.13.3.rel1.win32_1.0.0.202411081344/tools/bin/../lib/gcc/arm-none-eabi/13.3.1/../../../../arm-none-eabi/lib/thumb/v7e-m+fp/hard\libc_nano.a(libc_a-makebuf.o)
                0x0800b6d8                __swhatbuf_r
 .text.__smakebuf_r
                0x0800b724       0x78 D:/ST/STM32CubeIDE_1.19.0/STM32CubeIDE/plugins/com.st.stm32cube.ide.mcu.externaltools.gnu-tools-for-stm32.13.3.rel1.win32_1.0.0.202411081344/tools/bin/../lib/gcc/arm-none-eabi/13.3.1/../../../../arm-none-eabi/lib/thumb/v7e-m+fp/hard\libc_nano.a(libc_a-makebuf.o)
                0x0800b724                __smakebuf_r
 .text._fstat_r
                0x0800b79c       0x24 D:/ST/STM32CubeIDE_1.19.0/STM32CubeIDE/plugins/com.st.stm32cube.ide.mcu.externaltools.gnu-tools-for-stm32.13.3.rel1.win32_1.0.0.202411081344/tools/bin/../lib/gcc/arm-none-eabi/13.3.1/../../../../arm-none-eabi/lib/thumb/v7e-m+fp/hard\libc_nano.a(libc_a-fstatr.o)
                0x0800b79c                _fstat_r
 .text._isatty_r
                0x0800b7c0       0x20 D:/ST/STM32CubeIDE_1.19.0/STM32CubeIDE/plugins/com.st.stm32cube.ide.mcu.externaltools.gnu-tools-for-stm32.13.3.rel1.win32_1.0.0.202411081344/tools/bin/../lib/gcc/arm-none-eabi/13.3.1/../../../../arm-none-eabi/lib/thumb/v7e-m+fp/hard\libc_nano.a(libc_a-isattyr.o)
                0x0800b7c0                _isatty_r
 *(.glue_7)
 .glue_7        0x0800b7e0        0x0 linker stubs
 *(.glue_7t)
 .glue_7t       0x0800b7e0        0x0 linker stubs
 *(.eh_frame)
 .eh_frame      0x0800b7e0        0x0 D:/ST/STM32CubeIDE_1.19.0/STM32CubeIDE/plugins/com.st.stm32cube.ide.mcu.externaltools.gnu-tools-for-stm32.13.3.rel1.win32_1.0.0.202411081344/tools/bin/../lib/gcc/arm-none-eabi/13.3.1/thumb/v7e-m+fp/hard/crtbegin.o
 *(.init)
 .init          0x0800b7e0        0x4 D:/ST/STM32CubeIDE_1.19.0/STM32CubeIDE/plugins/com.st.stm32cube.ide.mcu.externaltools.gnu-tools-for-stm32.13.3.rel1.win32_1.0.0.202411081344/tools/bin/../lib/gcc/arm-none-eabi/13.3.1/thumb/v7e-m+fp/hard/crti.o
                0x0800b7e0                _init
 .init          0x0800b7e4        0x8 D:/ST/STM32CubeIDE_1.19.0/STM32CubeIDE/plugins/com.st.stm32cube.ide.mcu.externaltools.gnu-tools-for-stm32.13.3.rel1.win32_1.0.0.202411081344/tools/bin/../lib/gcc/arm-none-eabi/13.3.1/thumb/v7e-m+fp/hard/crtn.o
 *(.fini)
 .fini          0x0800b7ec        0x4 D:/ST/STM32CubeIDE_1.19.0/STM32CubeIDE/plugins/com.st.stm32cube.ide.mcu.externaltools.gnu-tools-for-stm32.13.3.rel1.win32_1.0.0.202411081344/tools/bin/../lib/gcc/arm-none-eabi/13.3.1/thumb/v7e-m+fp/hard/crti.o
                0x0800b7ec                _fini
 .fini          0x0800b7f0        0x8 D:/ST/STM32CubeIDE_1.19.0/STM32CubeIDE/plugins/com.st.stm32cube.ide.mcu.externaltools.gnu-tools-for-stm32.13.3.rel1.win32_1.0.0.202411081344/tools/bin/../lib/gcc/arm-none-eabi/13.3.1/thumb/v7e-m+fp/hard/crtn.o
                0x0800b7f8                        . = ALIGN (0x4)
                0x0800b7f8                        _etext = .

.vfp11_veneer   0x0800b7f8        0x0
 .vfp11_veneer  0x0800b7f8        0x0 linker stubs

.v4_bx          0x0800b7f8        0x0
 .v4_bx         0x0800b7f8        0x0 linker stubs

.iplt           0x0800b7f8        0x0
 .iplt          0x0800b7f8        0x0 D:/ST/STM32CubeIDE_1.19.0/STM32CubeIDE/plugins/com.st.stm32cube.ide.mcu.externaltools.gnu-tools-for-stm32.13.3.rel1.win32_1.0.0.202411081344/tools/bin/../lib/gcc/arm-none-eabi/13.3.1/thumb/v7e-m+fp/hard/crtbegin.o

.rodata         0x0800b7f8     0x1148
                0x0800b7f8                        . = ALIGN (0x4)
 *(.rodata)
 .rodata        0x0800b7f8      0xda7 ./Core/Src/main.o
 *(.rodata*)
 *fill*         0x0800c59f        0x1 
 .rodata.AHBPrescTable
                0x0800c5a0       0x10 ./Core/Src/system_stm32f4xx.o
                0x0800c5a0                AHBPrescTable
 .rodata.APBPrescTable
                0x0800c5b0        0x8 ./Core/Src/system_stm32f4xx.o
                0x0800c5b0                APBPrescTable
 .rodata.RAW_FRAME_HEADER
                0x0800c5b8        0x8 ./Core/Src/hardware/radar.o
 .rodata.RAW_FRAME_TRAILER
                0x0800c5c0        0x8 ./Core/Src/hardware/radar.o
 .rodata.flagBitshiftOffset.0
                0x0800c5c8        0x8 ./Drivers/STM32F4xx_HAL_Driver/Src/stm32f4xx_hal_dma.o
 .rodata._ctype_
                0x0800c5d0      0x101 D:/ST/STM32CubeIDE_1.19.0/STM32CubeIDE/plugins/com.st.stm32cube.ide.mcu.externaltools.gnu-tools-for-stm32.13.3.rel1.win32_1.0.0.202411081344/tools/bin/../lib/gcc/arm-none-eabi/13.3.1/../../../../arm-none-eabi/lib/thumb/v7e-m+fp/hard\libc_nano.a(libc_a-ctype_.o)
                0x0800c5d0                _ctype_
 .rodata._printf_float.str1.1
                0x0800c6d1      0x171 D:/ST/STM32CubeIDE_1.19.0/STM32CubeIDE/plugins/com.st.stm32cube.ide.mcu.externaltools.gnu-tools-for-stm32.13.3.rel1.win32_1.0.0.202411081344/tools/bin/../lib/gcc/arm-none-eabi/13.3.1/../../../../arm-none-eabi/lib/thumb/v7e-m+fp/hard\libc_nano.a(libc_a-nano-vfprintf_float.o)
                                 0x12 (size before relaxing)
 .rodata._printf_i.str1.1
                0x0800c842       0x22 D:/ST/STM32CubeIDE_1.19.0/STM32CubeIDE/plugins/com.st.stm32cube.ide.mcu.externaltools.gnu-tools-for-stm32.13.3.rel1.win32_1.0.0.202411081344/tools/bin/../lib/gcc/arm-none-eabi/13.3.1/../../../../arm-none-eabi/lib/thumb/v7e-m+fp/hard\libc_nano.a(libc_a-nano-vfprintf_i.o)
 .rodata._dtoa_r.str1.1
                0x0800c842       0x8f D:/ST/STM32CubeIDE_1.19.0/STM32CubeIDE/plugins/com.st.stm32cube.ide.mcu.externaltools.gnu-tools-for-stm32.13.3.rel1.win32_1.0.0.202411081344/tools/bin/../lib/gcc/arm-none-eabi/13.3.1/../../../../arm-none-eabi/lib/thumb/v7e-m+fp/hard\libc_nano.a(libc_a-dtoa.o)
 .rodata._Balloc.str1.1
                0x0800c842       0x70 D:/ST/STM32CubeIDE_1.19.0/STM32CubeIDE/plugins/com.st.stm32cube.ide.mcu.externaltools.gnu-tools-for-stm32.13.3.rel1.win32_1.0.0.202411081344/tools/bin/../lib/gcc/arm-none-eabi/13.3.1/../../../../arm-none-eabi/lib/thumb/v7e-m+fp/hard\libc_nano.a(libc_a-mprec.o)
 .rodata.__multadd.str1.1
                0x0800c842       0x11 D:/ST/STM32CubeIDE_1.19.0/STM32CubeIDE/plugins/com.st.stm32cube.ide.mcu.externaltools.gnu-tools-for-stm32.13.3.rel1.win32_1.0.0.202411081344/tools/bin/../lib/gcc/arm-none-eabi/13.3.1/../../../../arm-none-eabi/lib/thumb/v7e-m+fp/hard\libc_nano.a(libc_a-mprec.o)
 *fill*         0x0800c842        0x2 
 .rodata.p05.0  0x0800c844        0xc D:/ST/STM32CubeIDE_1.19.0/STM32CubeIDE/plugins/com.st.stm32cube.ide.mcu.externaltools.gnu-tools-for-stm32.13.3.rel1.win32_1.0.0.202411081344/tools/bin/../lib/gcc/arm-none-eabi/13.3.1/../../../../arm-none-eabi/lib/thumb/v7e-m+fp/hard\libc_nano.a(libc_a-mprec.o)
 .rodata.__mprec_bigtens
                0x0800c850       0x28 D:/ST/STM32CubeIDE_1.19.0/STM32CubeIDE/plugins/com.st.stm32cube.ide.mcu.externaltools.gnu-tools-for-stm32.13.3.rel1.win32_1.0.0.202411081344/tools/bin/../lib/gcc/arm-none-eabi/13.3.1/../../../../arm-none-eabi/lib/thumb/v7e-m+fp/hard\libc_nano.a(libc_a-mprec.o)
                0x0800c850                __mprec_bigtens
 .rodata.__mprec_tens
                0x0800c878       0xc8 D:/ST/STM32CubeIDE_1.19.0/STM32CubeIDE/plugins/com.st.stm32cube.ide.mcu.externaltools.gnu-tools-for-stm32.13.3.rel1.win32_1.0.0.202411081344/tools/bin/../lib/gcc/arm-none-eabi/13.3.1/../../../../arm-none-eabi/lib/thumb/v7e-m+fp/hard\libc_nano.a(libc_a-mprec.o)
                0x0800c878                __mprec_tens
 .rodata._svfprintf_r.str1.1
                0x0800c940       0x11 D:/ST/STM32CubeIDE_1.19.0/STM32CubeIDE/plugins/com.st.stm32cube.ide.mcu.externaltools.gnu-tools-for-stm32.13.3.rel1.win32_1.0.0.202411081344/tools/bin/../lib/gcc/arm-none-eabi/13.3.1/../../../../arm-none-eabi/lib/thumb/v7e-m+fp/hard\libc_nano.a(libc_a-nano-svfprintf.o)
 .rodata._setlocale_r.str1.1
                0x0800c940        0x9 D:/ST/STM32CubeIDE_1.19.0/STM32CubeIDE/plugins/com.st.stm32cube.ide.mcu.externaltools.gnu-tools-for-stm32.13.3.rel1.win32_1.0.0.202411081344/tools/bin/../lib/gcc/arm-none-eabi/13.3.1/../../../../arm-none-eabi/lib/thumb/v7e-m+fp/hard\libc_nano.a(libc_a-locale.o)
 .rodata.str1.1
                0x0800c940        0x2 D:/ST/STM32CubeIDE_1.19.0/STM32CubeIDE/plugins/com.st.stm32cube.ide.mcu.externaltools.gnu-tools-for-stm32.13.3.rel1.win32_1.0.0.202411081344/tools/bin/../lib/gcc/arm-none-eabi/13.3.1/../../../../arm-none-eabi/lib/thumb/v7e-m+fp/hard\libc_nano.a(libc_a-locale.o)
 .rodata.__assert_func.str1.1
                0x0800c940       0x3d D:/ST/STM32CubeIDE_1.19.0/STM32CubeIDE/plugins/com.st.stm32cube.ide.mcu.externaltools.gnu-tools-for-stm32.13.3.rel1.win32_1.0.0.202411081344/tools/bin/../lib/gcc/arm-none-eabi/13.3.1/../../../../arm-none-eabi/lib/thumb/v7e-m+fp/hard\libc_nano.a(libc_a-assert.o)
 .rodata._vfprintf_r.str1.1
                0x0800c940       0x11 D:/ST/STM32CubeIDE_1.19.0/STM32CubeIDE/plugins/com.st.stm32cube.ide.mcu.externaltools.gnu-tools-for-stm32.13.3.rel1.win32_1.0.0.202411081344/tools/bin/../lib/gcc/arm-none-eabi/13.3.1/../../../../arm-none-eabi/lib/thumb/v7e-m+fp/hard\libc_nano.a(libc_a-nano-vfprintf.o)
                0x0800c980                        . = ALIGN (0x4)

.ARM.extab      0x0800c940        0x0
                0x0800c940                        . = ALIGN (0x4)
 *(.ARM.extab* .gnu.linkonce.armextab.*)
                0x0800c940                        . = ALIGN (0x4)

.ARM            0x0800c940        0x8
                0x0800c940                        . = ALIGN (0x4)
                0x0800c940                        __exidx_start = .
 *(.ARM.exidx*)
 .ARM.exidx     0x0800c940        0x8 D:/ST/STM32CubeIDE_1.19.0/STM32CubeIDE/plugins/com.st.stm32cube.ide.mcu.externaltools.gnu-tools-for-stm32.13.3.rel1.win32_1.0.0.202411081344/tools/bin/../lib/gcc/arm-none-eabi/13.3.1/../../../../arm-none-eabi/lib/thumb/v7e-m+fp/hard\libc_nano.a(libc_a-memchr.o)
 .ARM.exidx     0x0800c948        0x0 D:/ST/STM32CubeIDE_1.19.0/STM32CubeIDE/plugins/com.st.stm32cube.ide.mcu.externaltools.gnu-tools-for-stm32.13.3.rel1.win32_1.0.0.202411081344/tools/bin/../lib/gcc/arm-none-eabi/13.3.1/../../../../arm-none-eabi/lib/thumb/v7e-m+fp/hard\libc_nano.a(libc_a-strlen.o)
                                  0x8 (size before relaxing)
 .ARM.exidx     0x0800c948        0x0 D:/ST/STM32CubeIDE_1.19.0/STM32CubeIDE/plugins/com.st.stm32cube.ide.mcu.externaltools.gnu-tools-for-stm32.13.3.rel1.win32_1.0.0.202411081344/tools/bin/../lib/gcc/arm-none-eabi/13.3.1/thumb/v7e-m+fp/hard\libgcc.a(_udivmoddi4.o)
                                  0x8 (size before relaxing)
                0x0800c948                        __exidx_end = .
                0x0800c948                        . = ALIGN (0x4)

.rel.dyn        0x0800c948        0x0
 .rel.iplt      0x0800c948        0x0 D:/ST/STM32CubeIDE_1.19.0/STM32CubeIDE/plugins/com.st.stm32cube.ide.mcu.externaltools.gnu-tools-for-stm32.13.3.rel1.win32_1.0.0.202411081344/tools/bin/../lib/gcc/arm-none-eabi/13.3.1/thumb/v7e-m+fp/hard/crtbegin.o

.preinit_array  0x0800c948        0x0
                0x0800c948                        . = ALIGN (0x4)
                0x0800c948                        PROVIDE (__preinit_array_start = .)
 *(.preinit_array*)
                0x0800c948                        PROVIDE (__preinit_array_end = .)
                0x0800c948                        . = ALIGN (0x4)

.init_array     0x0800c948        0x4
                0x0800c948                        . = ALIGN (0x4)
                0x0800c948                        PROVIDE (__init_array_start = .)
 *(SORT_BY_NAME(.init_array.*))
 *(.init_array*)
 .init_array    0x0800c948        0x4 D:/ST/STM32CubeIDE_1.19.0/STM32CubeIDE/plugins/com.st.stm32cube.ide.mcu.externaltools.gnu-tools-for-stm32.13.3.rel1.win32_1.0.0.202411081344/tools/bin/../lib/gcc/arm-none-eabi/13.3.1/thumb/v7e-m+fp/hard/crtbegin.o
                0x0800c94c                        PROVIDE (__init_array_end = .)
                0x0800c94c                        . = ALIGN (0x4)

.fini_array     0x0800c94c        0x4
                0x0800c94c                        . = ALIGN (0x4)
                [!provide]                        PROVIDE (__fini_array_start = .)
 *(SORT_BY_NAME(.fini_array.*))
 *(.fini_array*)
 .fini_array    0x0800c94c        0x4 D:/ST/STM32CubeIDE_1.19.0/STM32CubeIDE/plugins/com.st.stm32cube.ide.mcu.externaltools.gnu-tools-for-stm32.13.3.rel1.win32_1.0.0.202411081344/tools/bin/../lib/gcc/arm-none-eabi/13.3.1/thumb/v7e-m+fp/hard/crtbegin.o
                [!provide]                        PROVIDE (__fini_array_end = .)
                0x0800c950                        . = ALIGN (0x4)
                0x0800c950                        _sidata = LOADADDR (.data)

.data           0x20000000      0x1e0 load address 0x0800c950
                0x20000000                        . = ALIGN (0x4)
                0x20000000                        _sdata = .
 *(.data)
 *(.data*)
 .data.SystemCoreClock
                0x20000000        0x4 ./Core/Src/system_stm32f4xx.o
                0x20000000                SystemCoreClock
 .data.gyro_angle_calibration
                0x20000004        0x4 ./Core/Src/hardware/Motor.o
 .data.position_calibration_factor
                0x20000008        0x4 ./Core/Src/hardware/Motor.o
 .data.last_angle_q6
                0x2000000c        0x2 ./Core/Src/hardware/radar.o
 *fill*         0x2000000e        0x2 
 .data.uwTickPrio
                0x20000010        0x4 ./Drivers/STM32F4xx_HAL_Driver/Src/stm32f4xx_hal.o
                0x20000010                uwTickPrio
 .data.uwTickFreq
                0x20000014        0x1 ./Drivers/STM32F4xx_HAL_Driver/Src/stm32f4xx_hal.o
                0x20000014                uwTickFreq
 *fill*         0x20000015        0x3 
 .data.__sglue  0x20000018        0xc D:/ST/STM32CubeIDE_1.19.0/STM32CubeIDE/plugins/com.st.stm32cube.ide.mcu.externaltools.gnu-tools-for-stm32.13.3.rel1.win32_1.0.0.202411081344/tools/bin/../lib/gcc/arm-none-eabi/13.3.1/../../../../arm-none-eabi/lib/thumb/v7e-m+fp/hard\libc_nano.a(libc_a-findfp.o)
                0x20000018                __sglue
 .data._impure_ptr
                0x20000024        0x4 D:/ST/STM32CubeIDE_1.19.0/STM32CubeIDE/plugins/com.st.stm32cube.ide.mcu.externaltools.gnu-tools-for-stm32.13.3.rel1.win32_1.0.0.202411081344/tools/bin/../lib/gcc/arm-none-eabi/13.3.1/../../../../arm-none-eabi/lib/thumb/v7e-m+fp/hard\libc_nano.a(libc_a-impure.o)
                0x20000024                _impure_ptr
 .data._impure_data
                0x20000028       0x4c D:/ST/STM32CubeIDE_1.19.0/STM32CubeIDE/plugins/com.st.stm32cube.ide.mcu.externaltools.gnu-tools-for-stm32.13.3.rel1.win32_1.0.0.202411081344/tools/bin/../lib/gcc/arm-none-eabi/13.3.1/../../../../arm-none-eabi/lib/thumb/v7e-m+fp/hard\libc_nano.a(libc_a-impure.o)
                0x20000028                _impure_data
 .data.__global_locale
                0x20000074      0x16c D:/ST/STM32CubeIDE_1.19.0/STM32CubeIDE/plugins/com.st.stm32cube.ide.mcu.externaltools.gnu-tools-for-stm32.13.3.rel1.win32_1.0.0.202411081344/tools/bin/../lib/gcc/arm-none-eabi/13.3.1/../../../../arm-none-eabi/lib/thumb/v7e-m+fp/hard\libc_nano.a(libc_a-locale.o)
                0x20000074                __global_locale
 *(.RamFunc)
 *(.RamFunc*)
                0x200001e0                        . = ALIGN (0x4)
                0x200001e0                        _edata = .

.igot.plt       0x200001e0        0x0 load address 0x0800cb30
 .igot.plt      0x200001e0        0x0 D:/ST/STM32CubeIDE_1.19.0/STM32CubeIDE/plugins/com.st.stm32cube.ide.mcu.externaltools.gnu-tools-for-stm32.13.3.rel1.win32_1.0.0.202411081344/tools/bin/../lib/gcc/arm-none-eabi/13.3.1/thumb/v7e-m+fp/hard/crtbegin.o
                0x200001e0                        . = ALIGN (0x4)

.bss            0x200001e0     0x7074 load address 0x0800cb30
                0x200001e0                        _sbss = .
                0x200001e0                        __bss_start__ = _sbss
 *(.bss)
 .bss           0x200001e0       0x1c D:/ST/STM32CubeIDE_1.19.0/STM32CubeIDE/plugins/com.st.stm32cube.ide.mcu.externaltools.gnu-tools-for-stm32.13.3.rel1.win32_1.0.0.202411081344/tools/bin/../lib/gcc/arm-none-eabi/13.3.1/thumb/v7e-m+fp/hard/crtbegin.o
 *(.bss*)
 .bss.hi2c2     0x200001fc       0x54 ./Core/Src/i2c.o
                0x200001fc                hi2c2
 .bss.huart2    0x20000250       0x40 ./Core/Src/main.o
                0x20000250                huart2
 .bss.huart3    0x20000290       0x40 ./Core/Src/main.o
                0x20000290                huart3
 .bss.huart4    0x200002d0       0x40 ./Core/Src/main.o
                0x200002d0                huart4
 .bss.huart5    0x20000310       0x40 ./Core/Src/main.o
                0x20000310                huart5
 .bss.htim1     0x20000350       0x40 ./Core/Src/main.o
                0x20000350                htim1
 .bss.htim2     0x20000390       0x40 ./Core/Src/main.o
                0x20000390                htim2
 .bss.htim3     0x200003d0       0x40 ./Core/Src/main.o
                0x200003d0                htim3
 .bss.htim6     0x20000410       0x40 ./Core/Src/main.o
                0x20000410                htim6
 .bss.hi2c1     0x20000450       0x54 ./Core/Src/main.o
                0x20000450                hi2c1
 .bss.g_uart_rx_buffer
                0x200004a4        0x1 ./Core/Src/main.o
                0x200004a4                g_uart_rx_buffer
 .bss.g_uart5_rx_buffer
                0x200004a5        0x1 ./Core/Src/main.o
                0x200004a5                g_uart5_rx_buffer
 *fill*         0x200004a6        0x2 
 .bss.rx_command_buffer
                0x200004a8      0x100 ./Core/Src/main.o
                0x200004a8                rx_command_buffer
 .bss.rx_cmd_index
                0x200005a8        0x1 ./Core/Src/main.o
                0x200005a8                rx_cmd_index
 .bss.rx_cmd_complete
                0x200005a9        0x1 ./Core/Src/main.o
                0x200005a9                rx_cmd_complete
 .bss.CTL       0x200005aa        0x1 ./Core/Src/main.o
                0x200005aa                CTL
 *fill*         0x200005ab        0x1 
 .bss.uart5_rx_data
                0x200005ac       0x40 ./Core/Src/main.o
                0x200005ac                uart5_rx_data
 .bss.uart5_rx_index
                0x200005ec        0x2 ./Core/Src/main.o
                0x200005ec                uart5_rx_index
 .bss.uart5_packet_ready
                0x200005ee        0x1 ./Core/Src/main.o
                0x200005ee                uart5_packet_ready
 .bss.uart5_header_found
                0x200005ef        0x1 ./Core/Src/main.o
                0x200005ef                uart5_header_found
 .bss.uart5_packet_start
                0x200005f0        0x2 ./Core/Src/main.o
                0x200005f0                uart5_packet_start
 .bss.g_yaw_data
                0x200005f2        0x2 ./Core/Src/main.o
                0x200005f2                g_yaw_data
 .bss.g_yaw_angle
                0x200005f4        0x4 ./Core/Src/main.o
                0x200005f4                g_yaw_angle
 .bss.g_system_state
                0x200005f8        0x1 ./Core/Src/main.o
 *fill*         0x200005f9        0x1 
 .bss.g_last_command_seq
                0x200005fa        0x2 ./Core/Src/main.o
 .bss.g_action_in_progress
                0x200005fc        0x1 ./Core/Src/main.o
 *fill*         0x200005fd        0x3 
 .bss.g_action_start_time
                0x20000600        0x4 ./Core/Src/main.o
 .bss.points_buf.6
                0x20000604     0x1770 ./Core/Src/main.o
 .bss.last_status_update.3
                0x20001d74        0x4 ./Core/Src/main.o
 .bss.hspi1     0x20001d78       0x58 ./Core/Src/spi.o
                0x20001d78                hspi1
 .bss.__sbrk_heap_end
                0x20001dd0        0x4 ./Core/Src/sysmem.o
 .bss.hdma_usart3_rx
                0x20001dd4       0x60 ./Core/Src/usart.o
                0x20001dd4                hdma_usart3_rx
 .bss.hdma_uart4_tx
                0x20001e34       0x60 ./Core/Src/usart.o
                0x20001e34                hdma_uart4_tx
 .bss.target_direction
                0x20001e94        0x1 ./Core/Src/hardware/Motor.o
                0x20001e94                target_direction
 *fill*         0x20001e95        0x3 
 .bss.actual_speed_left
                0x20001e98        0x4 ./Core/Src/hardware/Motor.o
 .bss.actual_speed_right
                0x20001e9c        0x4 ./Core/Src/hardware/Motor.o
 .bss.last_control_time
                0x20001ea0        0x4 ./Core/Src/hardware/Motor.o
 .bss.current_yaw_angle
                0x20001ea4        0x4 ./Core/Src/hardware/Motor.o
 .bss.raw_yaw_angle
                0x20001ea8        0x4 ./Core/Src/hardware/Motor.o
 .bss.last_raw_yaw_angle
                0x20001eac        0x4 ./Core/Src/hardware/Motor.o
 .bss.accumulated_raw_angle
                0x20001eb0        0x4 ./Core/Src/hardware/Motor.o
 .bss.accumulated_calibrated_angle
                0x20001eb4        0x4 ./Core/Src/hardware/Motor.o
 .bss.angle_tracking_initialized
                0x20001eb8        0x1 ./Core/Src/hardware/Motor.o
 *fill*         0x20001eb9        0x3 
 .bss.pid_motor_left
                0x20001ebc       0x30 ./Core/Src/hardware/Motor.o
 .bss.pid_motor_right
                0x20001eec       0x30 ./Core/Src/hardware/Motor.o
 .bss.pid_angle
                0x20001f1c       0x30 ./Core/Src/hardware/Motor.o
 .bss.target_yaw_angle
                0x20001f4c        0x4 ./Core/Src/hardware/Motor.o
 .bss.angle_control_output
                0x20001f50        0x4 ./Core/Src/hardware/Motor.o
 .bss.pid_position
                0x20001f54       0x30 ./Core/Src/hardware/Motor.o
 .bss.target_position
                0x20001f84        0x4 ./Core/Src/hardware/Motor.o
 .bss.actual_position
                0x20001f88        0x4 ./Core/Src/hardware/Motor.o
 .bss.position_control_output
                0x20001f8c        0x4 ./Core/Src/hardware/Motor.o
 .bss.position_output_filtered
                0x20001f90        0x4 ./Core/Src/hardware/Motor.o
 .bss.angle_output_filtered
                0x20001f94        0x4 ./Core/Src/hardware/Motor.o
 .bss.pwm_left  0x20001f98        0x4 ./Core/Src/hardware/Motor.o
 .bss.pwm_right
                0x20001f9c        0x4 ./Core/Src/hardware/Motor.o
 .bss.target_speed_left
                0x20001fa0        0x4 ./Core/Src/hardware/Motor.o
 .bss.target_speed_right
                0x20001fa4        0x4 ./Core/Src/hardware/Motor.o
 .bss.base_speed_left
                0x20001fa8        0x4 ./Core/Src/hardware/Motor.o
 .bss.base_speed_right
                0x20001fac        0x4 ./Core/Src/hardware/Motor.o
 .bss.debug_counter.0
                0x20001fb0        0x1 ./Core/Src/hardware/Motor.o
 *fill*         0x20001fb1        0x3 
 .bss.pid       0x20001fb4       0x30 ./Core/Src/hardware/pid.o
                0x20001fb4                pid
 .bss.rx_dma_buf
                0x20001fe4      0x200 ./Core/Src/hardware/radar.o
 .bss.proc_ring
                0x200021e4      0x800 ./Core/Src/hardware/radar.o
 .bss.proc_head
                0x200029e4        0x2 ./Core/Src/hardware/radar.o
 .bss.proc_tail
                0x200029e6        0x2 ./Core/Src/hardware/radar.o
 .bss.uart4_tx_busy
                0x200029e8        0x1 ./Core/Src/hardware/radar.o
 *fill*         0x200029e9        0x3 
 .bss.lidar_points
                0x200029ec     0x1770 ./Core/Src/hardware/radar.o
 .bss.lidar_point_index
                0x2000415c        0x2 ./Core/Src/hardware/radar.o
 *fill*         0x2000415e        0x2 
 .bss.completed_rotation
                0x20004160     0x1770 ./Core/Src/hardware/radar.o
 .bss.completed_count
                0x200058d0        0x2 ./Core/Src/hardware/radar.o
 .bss.rotation_ready
                0x200058d2        0x1 ./Core/Src/hardware/radar.o
 *fill*         0x200058d3        0x1 
 .bss.last_rotation_tick
                0x200058d4        0x4 ./Core/Src/hardware/radar.o
 .bss.point_counter_total
                0x200058d8        0x4 ./Core/Src/hardware/radar.o
 .bss.last_rotation_point_counter
                0x200058dc        0x4 ./Core/Src/hardware/radar.o
 .bss.parser_state
                0x200058e0        0x1 ./Core/Src/hardware/radar.o
 .bss.frame_len
                0x200058e1        0x1 ./Core/Src/hardware/radar.o
 .bss.data_type
                0x200058e2        0x1 ./Core/Src/hardware/radar.o
 *fill*         0x200058e3        0x1 
 .bss.total_frames_received
                0x200058e4        0x4 ./Core/Src/hardware/radar.o
 .bss.valid_frames_count
                0x200058e8        0x4 ./Core/Src/hardware/radar.o
 .bss.sync_errors
                0x200058ec        0x4 ./Core/Src/hardware/radar.o
 .bss.quality_filtered
                0x200058f0        0x4 ./Core/Src/hardware/radar.o
 .bss.range_filtered
                0x200058f4        0x4 ./Core/Src/hardware/radar.o
 .bss.last_send_time
                0x200058f8        0x4 ./Core/Src/hardware/radar.o
 .bss.frame_sequence
                0x200058fc        0x1 ./Core/Src/hardware/radar.o
 *fill*         0x200058fd        0x3 
 .bss.temp_buf.4
                0x20005900      0x400 ./Core/Src/hardware/radar.o
 .bss.parse_len.3
                0x20005d00        0x2 ./Core/Src/hardware/radar.o