../Core/Src/main.c:211:5:main	320	static
../Core/Src/main.c:401:13:Command_ProcessUserInput	2776	static
../Core/Src/main.c:540:13:Command_ShowSystemInfo	696	static
../Core/Src/main.c:569:13:System_StatusUpdate	16	static
../Core/Src/main.c:595:13:System_ErrorHandler	120	static
../Core/Src/main.c:638:13:send_odometry_data	160	static
../Core/Src/main.c:713:5:__io_putchar	16	static
../Core/Src/main.c:722:6:SystemClock_Config	88	static
../Core/Src/main.c:781:6:HAL_UART_RxCpltCallback	48	static
../Core/Src/main.c:898:6:HAL_UART_ErrorCallback	24	static
../Core/Src/main.c:951:13:Python_ParseCommand	496	static
../Core/Src/main.c:1133:13:UART5_ProcessSensorData	8	static
../Core/Src/main.c:1160:13:UART5_ParseDataPacket	120	static
../Core/Src/main.c:1209:6:Error_Handler	4	static,ignoring_inline_asm
