../Core/Src/hardware/OLED.c:9:6:OLED_I2C_Init	56	static
../Core/Src/hardware/OLED.c:36:6:OLED_I2C_Start	8	static
../Core/Src/hardware/OLED.c:49:6:OLED_I2C_Stop	8	static
../Core/Src/hardware/OLED.c:61:6:OLED_I2C_SendByte	24	static
../Core/Src/hardware/OLED.c:79:6:OLED_WriteCommand	16	static
../Core/Src/hardware/OLED.c:93:6:OLED_WriteData	16	static
../Core/Src/hardware/OLED.c:108:6:OLED_SetCursor	16	static
../Core/Src/hardware/OLED.c:120:6:OLED_Clear	16	static
../Core/Src/hardware/OLED.c:140:6:OLED_ShowChar	24	static
../Core/Src/hardware/OLED.c:162:6:OLED_ShowString	24	static
../Core/Src/hardware/OLED.c:175:10:OLED_Pow	24	static
../Core/Src/hardware/OLED.c:193:6:OLED_ShowNum	32	static
../Core/Src/hardware/OLED.c:210:6:OLED_ShowSignedNum	32	static
../Core/Src/hardware/OLED.c:238:6:OLED_ShowHexNum	24	static
../Core/Src/hardware/OLED.c:263:6:OLED_ShowBinNum	32	static
../Core/Src/hardware/OLED.c:277:6:OLED_Init	16	static
